Archive member included to satisfy reference by file (symbol)

app/libapp.a(main.c.obj)      (--whole-archive)
zephyr/libzephyr.a(cbprintf_packaged.c.obj)
                              (--whole-archive)
zephyr/libzephyr.a(crc32c_sw.c.obj)
                              (--whole-archive)
zephyr/libzephyr.a(crc32_sw.c.obj)
                              (--whole-archive)
zephyr/libzephyr.a(crc16_sw.c.obj)
                              (--whole-archive)
zephyr/libzephyr.a(crc8_sw.c.obj)
                              (--whole-archive)
zephyr/libzephyr.a(crc7_sw.c.obj)
                              (--whole-archive)
zephyr/libzephyr.a(dec.c.obj)
                              (--whole-archive)
zephyr/libzephyr.a(fdtable.c.obj)
                              (--whole-archive)
zephyr/libzephyr.a(hex.c.obj)
                              (--whole-archive)
zephyr/libzephyr.a(notify.c.obj)
                              (--whole-archive)
zephyr/libzephyr.a(printk.c.obj)
                              (--whole-archive)
zephyr/libzephyr.a(onoff.c.obj)
                              (--whole-archive)
zephyr/libzephyr.a(rb.c.obj)  (--whole-archive)
zephyr/libzephyr.a(sem.c.obj)
                              (--whole-archive)
zephyr/libzephyr.a(thread_entry.c.obj)
                              (--whole-archive)
zephyr/libzephyr.a(timeutil.c.obj)
                              (--whole-archive)
zephyr/libzephyr.a(heap.c.obj)
                              (--whole-archive)
zephyr/libzephyr.a(heap-validate.c.obj)
                              (--whole-archive)
zephyr/libzephyr.a(bitarray.c.obj)
                              (--whole-archive)
zephyr/libzephyr.a(multi_heap.c.obj)
                              (--whole-archive)
zephyr/libzephyr.a(cbprintf_complete.c.obj)
                              (--whole-archive)
zephyr/libzephyr.a(cbprintf.c.obj)
                              (--whole-archive)
zephyr/libzephyr.a(assert.c.obj)
                              (--whole-archive)
zephyr/libzephyr.a(mpsc_pbuf.c.obj)
                              (--whole-archive)
zephyr/libzephyr.a(reboot.c.obj)
                              (--whole-archive)
zephyr/libzephyr.a(configs.c.obj)
                              (--whole-archive)
zephyr/libzephyr.a(soc.c.obj)
                              (--whole-archive)
zephyr/libzephyr.a(power.c.obj)
                              (--whole-archive)
zephyr/libzephyr.a(sync_rtc.c.obj)
                              (--whole-archive)
zephyr/libzephyr.a(soc_nrf_common.S.obj)
                              (--whole-archive)
zephyr/libzephyr.a(validate_base_addresses.c.obj)
                              (--whole-archive)
zephyr/libzephyr.a(validate_enabled_instances.c.obj)
                              (--whole-archive)
zephyr/libzephyr.a(log_core.c.obj)
                              (--whole-archive)
zephyr/libzephyr.a(log_mgmt.c.obj)
                              (--whole-archive)
zephyr/libzephyr.a(log_msg.c.obj)
                              (--whole-archive)
zephyr/libzephyr.a(log_output.c.obj)
                              (--whole-archive)
zephyr/libzephyr.a(log_backend_uart.c.obj)
                              (--whole-archive)
zephyr/libzephyr.a(pm.c.obj)  (--whole-archive)
zephyr/libzephyr.a(policy.c.obj)
                              (--whole-archive)
zephyr/libzephyr.a(state.c.obj)
                              (--whole-archive)
zephyr/libzephyr.a(tracing_none.c.obj)
                              (--whole-archive)
zephyr/libzephyr.a(nrf_cc3xx_platform_abort_zephyr.c.obj)
                              (--whole-archive)
zephyr/libzephyr.a(nrf_cc3xx_platform_mutex_zephyr.c.obj)
                              (--whole-archive)
zephyr/arch/common/libarch__common.a(sw_isr_common.c.obj)
                              (--whole-archive)
zephyr/arch/arch/arm/core/aarch32/libarch__arm__core__aarch32.a(cpu_idle.S.obj)
                              (--whole-archive)
zephyr/arch/arch/arm/core/aarch32/libarch__arm__core__aarch32.a(fatal.c.obj)
                              (--whole-archive)
zephyr/arch/arch/arm/core/aarch32/libarch__arm__core__aarch32.a(irq_manage.c.obj)
                              (--whole-archive)
zephyr/arch/arch/arm/core/aarch32/libarch__arm__core__aarch32.a(nmi.c.obj)
                              (--whole-archive)
zephyr/arch/arch/arm/core/aarch32/libarch__arm__core__aarch32.a(nmi_on_reset.S.obj)
                              (--whole-archive)
zephyr/arch/arch/arm/core/aarch32/libarch__arm__core__aarch32.a(prep_c.c.obj)
                              (--whole-archive)
zephyr/arch/arch/arm/core/aarch32/libarch__arm__core__aarch32.a(swap.c.obj)
                              (--whole-archive)
zephyr/arch/arch/arm/core/aarch32/libarch__arm__core__aarch32.a(swap_helper.S.obj)
                              (--whole-archive)
zephyr/arch/arch/arm/core/aarch32/libarch__arm__core__aarch32.a(thread.c.obj)
                              (--whole-archive)
[...]
Memory Configuration

Name             Origin             Length             Attributes
FLASH            0x0000000000000000 0x0000000000100000 xr
SRAM             0x0000000020000000 0x0000000000070000 xw
IDT_LIST         0x00000000fffff7ff 0x0000000000000800 xw
*default*        0x0000000000000000 0xffffffffffffffff

Linker script and memory map

LOAD zephyr/CMakeFiles/zephyr_final.dir/misc/empty_file.c.obj
LOAD zephyr/CMakeFiles/zephyr_final.dir/dev_handles.c.obj
LOAD zephyr/CMakeFiles/zephyr_final.dir/isr_tables.c.obj
                0x0000000000000020                _region_min_align = 0x20

.rel.plt        0x0000000000000000        0x0
 *(SORT_BY_ALIGNMENT(.rel.plt))
                [!provide]                        PROVIDE (__rel_iplt_start = .)
 *(SORT_BY_ALIGNMENT(.rel.iplt))
 .rel.iplt      0x0000000000000000        0x0 zephyr/CMakeFiles/zephyr_final.dir/isr_tables.c.obj
                [!provide]                        PROVIDE (__rel_iplt_end = .)

.rela.plt       0x0000000000000000        0x0
 *(SORT_BY_ALIGNMENT(.rela.plt))
                [!provide]                        PROVIDE (__rela_iplt_start = .)
 *(SORT_BY_ALIGNMENT(.rela.iplt))
                [!provide]                        PROVIDE (__rela_iplt_end = .)

.rel.dyn
 *(SORT_BY_ALIGNMENT(.rel.*))

.rela.dyn
 *(SORT_BY_ALIGNMENT(.rela.*))

/DISCARD/
 *(SORT_BY_ALIGNMENT(.plt))
 *(SORT_BY_ALIGNMENT(.iplt))
 *(SORT_BY_ALIGNMENT(.got.plt))
 *(SORT_BY_ALIGNMENT(.igot.plt))
 *(SORT_BY_ALIGNMENT(.got))
 *(SORT_BY_ALIGNMENT(.igot))
 *(SORT_BY_ALIGNMENT(.irq_info*))
 *(SORT_BY_ALIGNMENT(.intList*))
 *(SORT_BY_ALIGNMENT(.note.GNU-stack))
                0x0000000000000000                __rom_region_start = 0x0

rom_start       0x0000000000000000      0x154
                0x0000000000000000                . = 0x0
                0x0000000000000000                . = ALIGN (0x4)
                0x0000000000000000                . = ALIGN (0x80)
                0x0000000000000000                . = ALIGN (0x200)
                0x0000000000000000                _vector_start = .
 *(SORT_BY_ALIGNMENT(.exc_vector_table))
 *(SORT_BY_ALIGNMENT(.exc_vector_table.*))
 .exc_vector_table._vector_table_section
                0x0000000000000000       0x40 zephyr/arch/arch/arm/core/aarch32/cortex_m/libarch__arm__core__aarch32__cortex_m.a(vector_table.S.obj)
                0x0000000000000000                _vector_table
 *(SORT_BY_ALIGNMENT(.vectors))
                0x0000000000000154                _vector_end = .
                0x0000000000000040                . = ALIGN (0x4)
 *(SORT_BY_ALIGNMENT(.gnu.linkonce.irq_vector_table*))
 .gnu.linkonce.irq_vector_table
                0x0000000000000040      0x114 zephyr/CMakeFiles/zephyr_final.dir/isr_tables.c.obj
                0x0000000000000040                _irq_vector_table
                0x0000000000000154                _vector_end = .

text            0x0000000000000154     0x83ec
                0x0000000000000154                __text_region_start = .
 *(SORT_BY_ALIGNMENT(.text))
 .text          0x0000000000000154      0x21c /home/ark/ncs/toolchains/v2.1.2/opt/zephyr-sdk/arm-zephyr-eabi/bin/../lib/gcc/arm-zephyr-eabi/10.3.0/thumb/v8-m.main/nofp/libgcc.a(_arm_addsubsf3.o)
                0x0000000000000154                __aeabi_frsub
                0x000000000000015c                __subsf3
                0x000000000000015c                __aeabi_fsub
                0x0000000000000160                __aeabi_fadd
                0x0000000000000160                __addsf3
                0x00000000000002c0                __aeabi_ui2f
                0x00000000000002c0                __floatunsisf
                0x00000000000002c8                __aeabi_i2f
                0x00000000000002c8                __floatsisf
                0x00000000000002e4                __floatundisf
                0x00000000000002e4                __aeabi_ul2f
                0x00000000000002f4                __floatdisf
                0x00000000000002f4                __aeabi_l2f
 .text          0x0000000000000370       0x30 /home/ark/ncs/toolchains/v2.1.2/opt/zephyr-sdk/arm-zephyr-eabi/bin/../lib/gcc/arm-zephyr-eabi/10.3.0/thumb/v8-m.main/nofp/libgcc.a(_aeabi_uldivmod.o)
                0x0000000000000370                __aeabi_uldivmod
 .text          0x00000000000003a0        0x4 /home/ark/ncs/toolchains/v2.1.2/opt/zephyr-sdk/arm-zephyr-eabi/bin/../lib/gcc/arm-zephyr-eabi/10.3.0/thumb/v8-m.main/nofp/libgcc.a(_dvmd_tls.o)
                0x00000000000003a0                __aeabi_ldiv0
                0x00000000000003a0                __aeabi_idiv0
 .text          0x00000000000003a4      0x2a2 /home/ark/ncs/toolchains/v2.1.2/opt/zephyr-sdk/arm-zephyr-eabi/bin/../lib/gcc/arm-zephyr-eabi/10.3.0/thumb/v8-m.main/nofp/libgcc.a(_udivmoddi4.o)
                0x00000000000003a4                __udivmoddi4
 *(SORT_BY_ALIGNMENT(.text.*))
 *fill*         0x0000000000000646        0x2 
 .text.main     0x0000000000000648      0x2ac app/libapp.a(main.c.obj)
                0x0000000000000648                main
 .text.cbprintf_package_convert
                0x00000000000008f4      0x2d0 zephyr/libzephyr.a(cbprintf_packaged.c.obj)
                0x00000000000008f4                cbprintf_package_convert
 .text.char_out
                0x0000000000000bc4        0xc zephyr/libzephyr.a(printk.c.obj)
 .text.__printk_hook_install
                0x0000000000000bd0        0xc zephyr/libzephyr.a(printk.c.obj)
                0x0000000000000bd0                __printk_hook_install
 .text.vprintk  0x0000000000000bdc       0x1c zephyr/libzephyr.a(printk.c.obj)
                0x0000000000000bdc                vprintk
 .text.vsnprintk
                0x0000000000000bf8       0x2c zephyr/libzephyr.a(printk.c.obj)
                0x0000000000000bf8                vsnprintk
 .text.process_event
                0x0000000000000c24      0x1c0 zephyr/libzephyr.a(onoff.c.obj)
 .text.z_cbvprintf_impl
                0x0000000000000de4      0x78c zephyr/libzephyr.a(cbprintf_complete.c.obj)
                0x0000000000000de4                z_cbvprintf_impl
 .text.sys_reboot
                0x0000000000001570       0x28 zephyr/libzephyr.a(reboot.c.obj)
                0x0000000000001570                sys_reboot
 .text.nrf_gpio_pin_control_select.constprop.0
                0x0000000000001598       0x1c zephyr/libzephyr.a(soc.c.obj)
 .text.nordicsemi_nrf53_init
                0x00000000000015b4       0x50 zephyr/libzephyr.a(soc.c.obj)
 .text.arch_busy_wait
                0x0000000000001604       0x24 zephyr/libzephyr.a(soc.c.obj)
                0x0000000000001604                arch_busy_wait
 .text.pm_state_set
                0x0000000000001628       0x1c zephyr/libzephyr.a(power.c.obj)
                0x0000000000001628                pm_state_set
 .text.sync_rtc_setup
                0x0000000000001644       0xc8 zephyr/libzephyr.a(sync_rtc.c.obj)
 .text.rtc_cb   0x000000000000170c       0x44 zephyr/libzephyr.a(sync_rtc.c.obj)
 .text.mbox_callback
                0x0000000000001750       0x70 zephyr/libzephyr.a(sync_rtc.c.obj)
 .text.z_arm_platform_init
                0x00000000000017c0        0x4 zephyr/libzephyr.a(soc_nrf_common.S.obj)
                0x00000000000017c0                z_arm_platform_init
 .text.activate_foreach_backend
                0x00000000000017c4       0x64 zephyr/libzephyr.a(log_core.c.obj)
 .text.enable_logger
                0x0000000000001828       0x5c zephyr/libzephyr.a(log_core.c.obj)
 .text.log_process_thread_timer_expiry_fn
                0x0000000000001884        0xc zephyr/libzephyr.a(log_core.c.obj)
 .text.z_log_init
                0x0000000000001890       0xa0 zephyr/libzephyr.a(log_core.c.obj)
 .text.log_format_func_t_get
                0x0000000000001930        0xc zephyr/libzephyr.a(log_core.c.obj)
                0x0000000000001930                log_format_func_t_get
 .text.z_log_notify_backend_enabled
                0x000000000000193c       0x1c zephyr/libzephyr.a(log_core.c.obj)
                0x000000000000193c                z_log_notify_backend_enabled
 .text.z_log_dropped
                0x0000000000001958       0x2c zephyr/libzephyr.a(log_core.c.obj)
                0x0000000000001958                z_log_dropped
 .text.z_log_dropped_read_and_clear
                0x0000000000001984       0x18 zephyr/libzephyr.a(log_core.c.obj)
                0x0000000000001984                z_log_dropped_read_and_clear
 .text.dropped_notify
                0x000000000000199c       0x38 zephyr/libzephyr.a(log_core.c.obj)
                0x000000000000199c                dropped_notify
 .text.z_log_msg_init
                0x00000000000019d4       0x10 zephyr/libzephyr.a(log_core.c.obj)
                0x00000000000019d4                z_log_msg_init
 .text.log_core_init
                0x00000000000019e4       0x34 zephyr/libzephyr.a(log_core.c.obj)
                0x00000000000019e4                log_core_init
 .text.z_log_msg_alloc
                0x0000000000001a18       0x10 zephyr/libzephyr.a(log_core.c.obj)
                0x0000000000001a18                z_log_msg_alloc
 .text.z_log_msg_claim
                0x0000000000001a28        0xc zephyr/libzephyr.a(log_core.c.obj)
                0x0000000000001a28                z_log_msg_claim
 .text.z_log_msg_free
                0x0000000000001a34        0xc zephyr/libzephyr.a(log_core.c.obj)
                0x0000000000001a34                z_log_msg_free
 .text.z_log_msg_pending
                0x0000000000001a40        0xc zephyr/libzephyr.a(log_core.c.obj)
                0x0000000000001a40                z_log_msg_pending
 .text.z_impl_log_process
                0x0000000000001a4c       0x74 zephyr/libzephyr.a(log_core.c.obj)
                0x0000000000001a4c                z_impl_log_process
 .text.z_impl_log_panic
                0x0000000000001ac0       0x4c zephyr/libzephyr.a(log_core.c.obj)
                0x0000000000001ac0                z_impl_log_panic
 .text.log_process_thread_func
                0x0000000000001b0c       0xa8 zephyr/libzephyr.a(log_core.c.obj)
 .text.z_log_msg_commit
                0x0000000000001bb4       0x9c zephyr/libzephyr.a(log_core.c.obj)
                0x0000000000001bb4                z_log_msg_commit
 .text.log_source_name_get
                0x0000000000001c50       0x1c zephyr/libzephyr.a(log_mgmt.c.obj)
                0x0000000000001c50                log_source_name_get
 .text.log_backend_enable
                0x0000000000001c6c       0x1c zephyr/libzephyr.a(log_mgmt.c.obj)
                0x0000000000001c6c                log_backend_enable
 .text.z_impl_z_log_msg_static_create
                0x0000000000001c88       0xa8 zephyr/libzephyr.a(log_msg.c.obj)
                0x0000000000001c88                z_impl_z_log_msg_static_create
 .text.print_formatted
                0x0000000000001d30       0x24 zephyr/libzephyr.a(log_output.c.obj)
 .text.log_output_process
                0x0000000000001d54      0x2c0 zephyr/libzephyr.a(log_output.c.obj)
                0x0000000000001d54                log_output_process
 .text.log_output_msg_process
                0x0000000000002014       0x6c zephyr/libzephyr.a(log_output.c.obj)
                0x0000000000002014                log_output_msg_process
 .text.log_output_dropped_process
                0x0000000000002080       0x58 zephyr/libzephyr.a(log_output.c.obj)
                0x0000000000002080                log_output_dropped_process
 .text.log_output_timestamp_freq_set
                0x00000000000020d8       0x30 zephyr/libzephyr.a(log_output.c.obj)
                0x00000000000020d8                log_output_timestamp_freq_set
 .text.char_out
                0x0000000000002108       0x24 zephyr/libzephyr.a(log_backend_uart.c.obj)
 .text.format_set
                0x000000000000212c        0xc zephyr/libzephyr.a(log_backend_uart.c.obj)
 .text.log_backend_uart_init
                0x0000000000002138       0x10 zephyr/libzephyr.a(log_backend_uart.c.obj)
 .text.panic    0x0000000000002148       0x14 zephyr/libzephyr.a(log_backend_uart.c.obj)
 .text.dropped  0x000000000000215c        0xc zephyr/libzephyr.a(log_backend_uart.c.obj)
 .text.process  0x0000000000002168       0x24 zephyr/libzephyr.a(log_backend_uart.c.obj)
 .text.pm_state_notify
                0x000000000000218c       0x5c zephyr/libzephyr.a(pm.c.obj)
 .text.pm_system_resume
                0x00000000000021e8       0x74 zephyr/libzephyr.a(pm.c.obj)
                0x00000000000021e8                pm_system_resume
 .text.pm_system_suspend
                0x000000000000225c       0xe8 zephyr/libzephyr.a(pm.c.obj)
                0x000000000000225c                pm_system_suspend
 .text.pm_policy_next_state
                0x0000000000002344       0x90 zephyr/libzephyr.a(policy.c.obj)
                0x0000000000002344                pm_policy_next_state
 .text.pm_state_cpu_get_all
                0x00000000000023d4       0x10 zephyr/libzephyr.a(state.c.obj)
                0x00000000000023d4                pm_state_cpu_get_all
 .text.nrf_cc3xx_platform_abort_init
                0x00000000000023e4        0xc zephyr/libzephyr.a(nrf_cc3xx_platform_abort_zephyr.c.obj)
                0x00000000000023e4                nrf_cc3xx_platform_abort_init
 .text.mutex_free_platform
                0x00000000000023f0       0x48 zephyr/libzephyr.a(nrf_cc3xx_platform_mutex_zephyr.c.obj)
 .text.mutex_lock_platform
                0x0000000000002438       0x68 zephyr/libzephyr.a(nrf_cc3xx_platform_mutex_zephyr.c.obj)
 .text.mutex_unlock_platform
                0x00000000000024a0       0x60 zephyr/libzephyr.a(nrf_cc3xx_platform_mutex_zephyr.c.obj)
 .text.mutex_init_platform
                0x0000000000002500       0x70 zephyr/libzephyr.a(nrf_cc3xx_platform_mutex_zephyr.c.obj)
 .text.nrf_cc3xx_platform_mutex_init
                0x0000000000002570       0x2c zephyr/libzephyr.a(nrf_cc3xx_platform_mutex_zephyr.c.obj)
                0x0000000000002570                nrf_cc3xx_platform_mutex_init
 .text.z_arm_cpu_idle_init
                0x000000000000259c        0xc zephyr/arch/arch/arm/core/aarch32/libarch__arm__core__aarch32.a(cpu_idle.S.obj)
                0x000000000000259c                z_arm_cpu_idle_init
 .text.arch_cpu_idle
                0x00000000000025a8       0x1c zephyr/arch/arch/arm/core/aarch32/libarch__arm__core__aarch32.a(cpu_idle.S.obj)
                0x00000000000025a8                arch_cpu_idle
 .text.arch_cpu_atomic_idle
                0x00000000000025c4       0x14 zephyr/arch/arch/arm/core/aarch32/libarch__arm__core__aarch32.a(cpu_idle.S.obj)
                0x00000000000025c4                arch_cpu_atomic_idle
 .text.z_arm_fatal_error
                0x00000000000025d8       0xcc zephyr/arch/arch/arm/core/aarch32/libarch__arm__core__aarch32.a(fatal.c.obj)
                0x00000000000025d8                z_arm_fatal_error
 .text.arch_irq_enable
                0x00000000000026a4       0x20 zephyr/arch/arch/arm/core/aarch32/libarch__arm__core__aarch32.a(irq_manage.c.obj)
                0x00000000000026a4                arch_irq_enable
 .text.arch_irq_disable
                0x00000000000026c4       0x28 zephyr/arch/arch/arm/core/aarch32/libarch__arm__core__aarch32.a(irq_manage.c.obj)
                0x00000000000026c4                arch_irq_disable
 .text.arch_irq_is_enabled
                0x00000000000026ec       0x1c zephyr/arch/arch/arm/core/aarch32/libarch__arm__core__aarch32.a(irq_manage.c.obj)
                0x00000000000026ec                arch_irq_is_enabled
 .text.z_arm_irq_priority_set
                0x0000000000002708       0x2c zephyr/arch/arch/arm/core/aarch32/libarch__arm__core__aarch32.a(irq_manage.c.obj)
                0x0000000000002708                z_arm_irq_priority_set
 .text.z_SysNmiOnReset
                0x0000000000002734        0x8 zephyr/arch/arch/arm/core/aarch32/libarch__arm__core__aarch32.a(nmi_on_reset.S.obj)
                0x0000000000002734                z_SysNmiOnReset
 .text.z_arm_prep_c
                0x000000000000273c       0x38 zephyr/arch/arch/arm/core/aarch32/libarch__arm__core__aarch32.a(prep_c.c.obj)
                0x000000000000273c                z_arm_prep_c
 .text.arch_swap
                0x0000000000002774       0x34 zephyr/arch/arch/arm/core/aarch32/libarch__arm__core__aarch32.a(swap.c.obj)
                0x0000000000002774                arch_swap
 .text.z_arm_pendsv
                0x00000000000027a8       0x58 zephyr/arch/arch/arm/core/aarch32/libarch__arm__core__aarch32.a(swap_helper.S.obj)
                0x00000000000027a8                z_arm_pendsv
 .text.z_arm_svc
                0x0000000000002800       0x20 zephyr/arch/arch/arm/core/aarch32/libarch__arm__core__aarch32.a(swap_helper.S.obj)
                0x0000000000002800                z_arm_svc
 .text.arch_new_thread
                0x0000000000002820       0x38 zephyr/arch/arch/arm/core/aarch32/libarch__arm__core__aarch32.a(thread.c.obj)
                0x0000000000002820                arch_new_thread
 .text.arch_switch_to_main_thread
                0x0000000000002858       0x28 zephyr/arch/arch/arm/core/aarch32/libarch__arm__core__aarch32.a(thread.c.obj)
                0x0000000000002858                arch_switch_to_main_thread
 .text._isr_wrapper
                0x0000000000002880       0x40 zephyr/arch/arch/arm/core/aarch32/libarch__arm__core__aarch32.a(isr_wrapper.S.obj)
                0x0000000000002880                _isr_wrapper
 .text._HandlerModeExit
                0x00000000000028c0       0x1c zephyr/arch/arch/arm/core/aarch32/cortex_m/libarch__arm__core__aarch32__cortex_m.a(exc_exit.S.obj)
                0x00000000000028c0                z_arm_exc_exit
                0x00000000000028c0                z_arm_int_exit
 .text.mem_manage_fault.constprop.0
                0x00000000000028dc      0x138 zephyr/arch/arch/arm/core/aarch32/cortex_m/libarch__arm__core__aarch32__cortex_m.a(fault.c.obj)
 .text.bus_fault.constprop.0
                0x0000000000002a14      0x130 zephyr/arch/arch/arm/core/aarch32/cortex_m/libarch__arm__core__aarch32__cortex_m.a(fault.c.obj)
 .text.usage_fault.constprop.0
                0x0000000000002b44      0x118 zephyr/arch/arch/arm/core/aarch32/cortex_m/libarch__arm__core__aarch32__cortex_m.a(fault.c.obj)
 .text.z_arm_fault
                0x0000000000002c5c      0x21c zephyr/arch/arch/arm/core/aarch32/cortex_m/libarch__arm__core__aarch32__cortex_m.a(fault.c.obj)
                0x0000000000002c5c                z_arm_fault
 .text.z_arm_fault_init
                0x0000000000002e78       0x18 zephyr/arch/arch/arm/core/aarch32/cortex_m/libarch__arm__core__aarch32__cortex_m.a(fault.c.obj)
                0x0000000000002e78                z_arm_fault_init
 .text.__fault  0x0000000000002e90       0x14 zephyr/arch/arch/arm/core/aarch32/cortex_m/libarch__arm__core__aarch32__cortex_m.a(fault_s.S.obj)
                0x0000000000002e90                z_arm_bus_fault
                0x0000000000002e90                z_arm_usage_fault
                0x0000000000002e90                z_arm_mpu_fault
                0x0000000000002e90                z_arm_exc_spurious
                0x0000000000002e90                z_arm_debug_monitor
                0x0000000000002e90                z_arm_hard_fault
 .text.z_arm_interrupt_init
                0x0000000000002ea4       0x18 zephyr/arch/arch/arm/core/aarch32/cortex_m/libarch__arm__core__aarch32__cortex_m.a(irq_init.c.obj)
                0x0000000000002ea4                z_arm_interrupt_init
 .text._reset_section
                0x0000000000002ebc       0x60 zephyr/arch/arch/arm/core/aarch32/cortex_m/libarch__arm__core__aarch32__cortex_m.a(reset.S.obj)
                0x0000000000002ebc                z_arm_reset
                0x0000000000002ebc                __start
 .text.sys_arch_reboot
                0x0000000000002f1c       0x24 zephyr/arch/arch/arm/core/aarch32/cortex_m/libarch__arm__core__aarch32__cortex_m.a(scb.c.obj)
                0x0000000000002f1c                sys_arch_reboot
 .text.z_arm_clear_arm_mpu_config
                0x0000000000002f40       0x24 zephyr/arch/arch/arm/core/aarch32/cortex_m/libarch__arm__core__aarch32__cortex_m.a(scb.c.obj)
                0x0000000000002f40                z_arm_clear_arm_mpu_config
 .text.z_arm_init_arch_hw_at_boot
                0x0000000000002f64       0x48 zephyr/arch/arch/arm/core/aarch32/cortex_m/libarch__arm__core__aarch32__cortex_m.a(scb.c.obj)
                0x0000000000002f64                z_arm_init_arch_hw_at_boot
 .text.z_impl_k_thread_abort
                0x0000000000002fac       0x2c zephyr/arch/arch/arm/core/aarch32/cortex_m/libarch__arm__core__aarch32__cortex_m.a(thread_abort.c.obj)
                0x0000000000002fac                z_impl_k_thread_abort
 .text.z_arm_configure_static_mpu_regions
                0x0000000000002fd8       0x38 zephyr/arch/arch/arm/core/aarch32/mpu/libarch__arm__core__aarch32__mpu.a(arm_core_mpu.c.obj)
                0x0000000000002fd8                z_arm_configure_static_mpu_regions
 .text.region_init
                0x0000000000003010       0x34 zephyr/arch/arch/arm/core/aarch32/mpu/libarch__arm__core__aarch32__mpu.a(arm_mpu.c.obj)
 .text.region_allocate_and_init.part.0
                0x0000000000003044       0x30 zephyr/arch/arch/arm/core/aarch32/mpu/libarch__arm__core__aarch32__mpu.a(arm_mpu.c.obj)
 .text.mpu_configure_regions_and_partition.constprop.0
                0x0000000000003074      0x19c zephyr/arch/arch/arm/core/aarch32/mpu/libarch__arm__core__aarch32__mpu.a(arm_mpu.c.obj)
 .text.arm_core_mpu_enable
                0x0000000000003210       0x18 zephyr/arch/arch/arm/core/aarch32/mpu/libarch__arm__core__aarch32__mpu.a(arm_mpu.c.obj)
                0x0000000000003210                arm_core_mpu_enable
 .text.arm_core_mpu_disable
                0x0000000000003228       0x14 zephyr/arch/arch/arm/core/aarch32/mpu/libarch__arm__core__aarch32__mpu.a(arm_mpu.c.obj)
                0x0000000000003228                arm_core_mpu_disable
 .text.arm_core_mpu_configure_static_mpu_regions
                0x000000000000323c       0x14 zephyr/arch/arch/arm/core/aarch32/mpu/libarch__arm__core__aarch32__mpu.a(arm_mpu.c.obj)
                0x000000000000323c                arm_core_mpu_configure_static_mpu_regions
 .text.arm_core_mpu_mark_areas_for_dynamic_regions
                0x0000000000003250       0xb8 zephyr/arch/arch/arm/core/aarch32/mpu/libarch__arm__core__aarch32__mpu.a(arm_mpu.c.obj)
                0x0000000000003250                arm_core_mpu_mark_areas_for_dynamic_regions
 .text.z_arm_mpu_init
                0x0000000000003308       0x4c zephyr/arch/arch/arm/core/aarch32/mpu/libarch__arm__core__aarch32__mpu.a(arm_mpu.c.obj)
                0x0000000000003308                z_arm_mpu_init
 .text.__stdout_hook_install
                0x0000000000003354        0xc zephyr/lib/libc/minimal/liblib__libc__minimal.a(stdout_console.c.obj)
                0x0000000000003354                __stdout_hook_install
 .text.onoff_stop
                0x0000000000003360       0x30 zephyr/drivers/clock_control/libdrivers__clock_control.a(clock_control_nrf.c.obj)
 .text.onoff_start
                0x0000000000003390       0x44 zephyr/drivers/clock_control/libdrivers__clock_control.a(clock_control_nrf.c.obj)
 .text.clk_init
                0x00000000000033d4       0x70 zephyr/drivers/clock_control/libdrivers__clock_control.a(clock_control_nrf.c.obj)
 .text.clkstarted_handle.constprop.0
                0x0000000000003444       0x34 zephyr/drivers/clock_control/libdrivers__clock_control.a(clock_control_nrf.c.obj)
 .text.clock_event_handler
                0x0000000000003478       0x30 zephyr/drivers/clock_control/libdrivers__clock_control.a(clock_control_nrf.c.obj)
 .text.generic_hfclk_start
                0x00000000000034a8       0x64 zephyr/drivers/clock_control/libdrivers__clock_control.a(clock_control_nrf.c.obj)
 .text.api_blocking_start
                0x000000000000350c       0x34 zephyr/drivers/clock_control/libdrivers__clock_control.a(clock_control_nrf.c.obj)
 .text.generic_hfclk_stop
                0x0000000000003540       0x24 zephyr/drivers/clock_control/libdrivers__clock_control.a(clock_control_nrf.c.obj)
 .text.z_nrf_clock_control_get_onoff
                0x0000000000003564       0x10 zephyr/drivers/clock_control/libdrivers__clock_control.a(clock_control_nrf.c.obj)
                0x0000000000003564                z_nrf_clock_control_get_onoff
 .text.z_nrf_clock_control_lf_on
                0x0000000000003574       0xfc zephyr/drivers/clock_control/libdrivers__clock_control.a(clock_control_nrf.c.obj)
                0x0000000000003574                z_nrf_clock_control_lf_on
 .text.uart_console_init
                0x0000000000003670       0x30 zephyr/drivers/console/libdrivers__console.a(uart_console.c.obj)
 .text.console_out
                0x00000000000036a0       0x28 zephyr/drivers/console/libdrivers__console.a(uart_console.c.obj)
 .text.gpio_nrfx_pin_interrupt_configure
                0x00000000000036c8       0xd8 zephyr/drivers/gpio/libdrivers__gpio.a(gpio_nrfx.c.obj)
 .text.gpio_nrfx_init
                0x00000000000037a0       0x38 zephyr/drivers/gpio/libdrivers__gpio.a(gpio_nrfx.c.obj)
 .text.nrfx_gpio_handler
                0x00000000000037d8       0x44 zephyr/drivers/gpio/libdrivers__gpio.a(gpio_nrfx.c.obj)
 .text.gpio_nrfx_pin_configure
                0x000000000000381c      0x140 zephyr/drivers/gpio/libdrivers__gpio.a(gpio_nrfx.c.obj)
 .text.dmic_nrfx_pdm_read
                0x000000000000395c       0x9c zephyr/drivers/audio/libdrivers__audio.a(dmic_nrfx_pdm.c.obj)
 .text.start_transfer
                0x00000000000039f8       0x5c zephyr/drivers/audio/libdrivers__audio.a(dmic_nrfx_pdm.c.obj)
 .text.dmic_nrfx_pdm_trigger
                0x0000000000003a54       0xe8 zephyr/drivers/audio/libdrivers__audio.a(dmic_nrfx_pdm.c.obj)
 .text.dmic_nrfx_pdm_configure
                0x0000000000003b3c      0x294 zephyr/drivers/audio/libdrivers__audio.a(dmic_nrfx_pdm.c.obj)
 .text.pdm_nrfx_init0
                0x0000000000003dd0       0x60 zephyr/drivers/audio/libdrivers__audio.a(dmic_nrfx_pdm.c.obj)
 .text.event_handler0
                0x0000000000003e30       0xf4 zephyr/drivers/audio/libdrivers__audio.a(dmic_nrfx_pdm.c.obj)
 .text.uarte_nrfx_configure
                0x0000000000003f24      0x17c zephyr/drivers/serial/libdrivers__serial.a(uart_nrfx_uarte.c.obj)
 .text.uarte_0_init
                0x00000000000040a0      0x10c zephyr/drivers/serial/libdrivers__serial.a(uart_nrfx_uarte.c.obj)
 .text.uarte_nrfx_poll_out
                0x00000000000041ac       0xc8 zephyr/drivers/serial/libdrivers__serial.a(uart_nrfx_uarte.c.obj)
 .text.compare_int_lock
                0x0000000000004274       0x44 zephyr/drivers/timer/libdrivers__timer.a(nrf_rtc_timer.c.obj)
 .text.sys_clock_timeout_handler
                0x00000000000042b8       0x78 zephyr/drivers/timer/libdrivers__timer.a(nrf_rtc_timer.c.obj)
 .text.compare_int_unlock
                0x0000000000004330       0x50 zephyr/drivers/timer/libdrivers__timer.a(nrf_rtc_timer.c.obj)
 .text.z_nrf_rtc_timer_compare_evt_address_get
                0x0000000000004380       0x10 zephyr/drivers/timer/libdrivers__timer.a(nrf_rtc_timer.c.obj)
                0x0000000000004380                z_nrf_rtc_timer_compare_evt_address_get
 .text.z_nrf_rtc_timer_compare_read
                0x0000000000004390       0x10 zephyr/drivers/timer/libdrivers__timer.a(nrf_rtc_timer.c.obj)
                0x0000000000004390                z_nrf_rtc_timer_compare_read
 .text.z_nrf_rtc_timer_read
                0x00000000000043a0       0x44 zephyr/drivers/timer/libdrivers__timer.a(nrf_rtc_timer.c.obj)
                0x00000000000043a0                z_nrf_rtc_timer_read
 .text.compare_set
                0x00000000000043e4      0x13c zephyr/drivers/timer/libdrivers__timer.a(nrf_rtc_timer.c.obj)
 .text.sys_clock_driver_init
                0x0000000000004520       0x94 zephyr/drivers/timer/libdrivers__timer.a(nrf_rtc_timer.c.obj)
 .text.rtc_nrf_isr
                0x00000000000045b4      0x100 zephyr/drivers/timer/libdrivers__timer.a(nrf_rtc_timer.c.obj)
                0x00000000000045b4                rtc_nrf_isr
 .text.z_nrf_rtc_timer_chan_alloc
                0x00000000000046b4       0x3c zephyr/drivers/timer/libdrivers__timer.a(nrf_rtc_timer.c.obj)
                0x00000000000046b4                z_nrf_rtc_timer_chan_alloc
 .text.z_nrf_rtc_timer_chan_free
                0x00000000000046f0       0x1c zephyr/drivers/timer/libdrivers__timer.a(nrf_rtc_timer.c.obj)
                0x00000000000046f0                z_nrf_rtc_timer_chan_free
 .text.sys_clock_set_timeout
                0x000000000000470c       0x60 zephyr/drivers/timer/libdrivers__timer.a(nrf_rtc_timer.c.obj)
                0x000000000000470c                sys_clock_set_timeout
 .text.sys_clock_elapsed
                0x000000000000476c       0x14 zephyr/drivers/timer/libdrivers__timer.a(nrf_rtc_timer.c.obj)
                0x000000000000476c                sys_clock_elapsed
 .text.nrf_gpio_pin_clear
                0x0000000000004780       0x20 zephyr/drivers/pinctrl/libdrivers__pinctrl.a(pinctrl_nrf.c.obj)
 .text.nrf_pin_configure
                0x00000000000047a0       0x4c zephyr/drivers/pinctrl/libdrivers__pinctrl.a(pinctrl_nrf.c.obj)
 .text.nrf_gpio_pin_set
                0x00000000000047ec       0x20 zephyr/drivers/pinctrl/libdrivers__pinctrl.a(pinctrl_nrf.c.obj)
 .text.mbox_nrf_init
                0x000000000000480c       0xb8 zephyr/drivers/mbox/libdrivers__mbox.a(mbox_nrfx_ipc.c.obj)
 .text.mbox_nrf_set_enabled
                0x00000000000048c4       0xa4 zephyr/drivers/mbox/libdrivers__mbox.a(mbox_nrfx_ipc.c.obj)
 .text.mbox_nrf_send
                0x0000000000004968       0x54 zephyr/drivers/mbox/libdrivers__mbox.a(mbox_nrfx_ipc.c.obj)
 .text.mbox_dispatcher
                0x00000000000049bc       0xa4 zephyr/drivers/mbox/libdrivers__mbox.a(mbox_nrfx_ipc.c.obj)
 .text.k_sys_fatal_error_handler
                0x0000000000004a60       0x2c modules/nrf/lib/fatal_error/lib..__nrf__lib__fatal_error.a(fatal_error.c.obj)
                0x0000000000004a60                k_sys_fatal_error_handler
 .text.nrf53_errata_42
                0x0000000000004a8c       0x24 modules/hal_nordic/nrfx/libmodules__hal_nordic__nrfx.a(system_nrf5340_application.c.obj)
 .text.SystemCoreClockUpdate
                0x0000000000004ab0       0x20 modules/hal_nordic/nrfx/libmodules__hal_nordic__nrfx.a(system_nrf5340_application.c.obj)
                0x0000000000004ab0                SystemCoreClockUpdate
 .text.SystemInit
                0x0000000000004ad0      0x168 modules/hal_nordic/nrfx/libmodules__hal_nordic__nrfx.a(system_nrf5340_application.c.obj)
                0x0000000000004ad0                SystemInit
 .text.nrfx_flag32_alloc
                0x0000000000004c38       0x44 modules/hal_nordic/nrfx/libmodules__hal_nordic__nrfx.a(nrfx_flag32_allocator.c.obj)
                0x0000000000004c38                nrfx_flag32_alloc
 .text.nrfx_flag32_free
                0x0000000000004c7c       0x3c modules/hal_nordic/nrfx/libmodules__hal_nordic__nrfx.a(nrfx_flag32_allocator.c.obj)
                0x0000000000004c7c                nrfx_flag32_free
 .text.nrfx_clock_init
                0x0000000000004cb8       0x20 modules/hal_nordic/nrfx/libmodules__hal_nordic__nrfx.a(nrfx_clock.c.obj)
                0x0000000000004cb8                nrfx_clock_init
 .text.nrfx_power_clock_irq_handler
                0x0000000000004cd8       0xb0 modules/hal_nordic/nrfx/libmodules__hal_nordic__nrfx.a(nrfx_clock.c.obj)
                0x0000000000004cd8                nrfx_power_clock_irq_handler
 .text.nrfx_dppi_channel_alloc
                0x0000000000004d88        0xc modules/hal_nordic/nrfx/libmodules__hal_nordic__nrfx.a(nrfx_dppi.c.obj)
                0x0000000000004d88                nrfx_dppi_channel_alloc
 .text.nrfx_dppi_channel_free
                0x0000000000004d94       0x1c modules/hal_nordic/nrfx/libmodules__hal_nordic__nrfx.a(nrfx_dppi.c.obj)
                0x0000000000004d94                nrfx_dppi_channel_free
 .text.nrf_gpio_pin_port_decode
                0x0000000000004db0       0x20 modules/hal_nordic/nrfx/libmodules__hal_nordic__nrfx.a(nrfx_gpiote.c.obj)
 .text.pin_in_use_by_te
                0x0000000000004dd0       0x14 modules/hal_nordic/nrfx/libmodules__hal_nordic__nrfx.a(nrfx_gpiote.c.obj)
 .text.call_handler
                0x0000000000004de4       0x3c modules/hal_nordic/nrfx/libmodules__hal_nordic__nrfx.a(nrfx_gpiote.c.obj)
 .text.release_handler
                0x0000000000004e20       0x54 modules/hal_nordic/nrfx/libmodules__hal_nordic__nrfx.a(nrfx_gpiote.c.obj)
 .text.pin_handler_trigger_uninit
                0x0000000000004e74       0x3c modules/hal_nordic/nrfx/libmodules__hal_nordic__nrfx.a(nrfx_gpiote.c.obj)
 .text.nrfx_gpiote_input_configure
                0x0000000000004eb0      0x158 modules/hal_nordic/nrfx/libmodules__hal_nordic__nrfx.a(nrfx_gpiote.c.obj)
                0x0000000000004eb0                nrfx_gpiote_input_configure
 .text.nrfx_gpiote_output_configure
                0x0000000000005008       0xe8 modules/hal_nordic/nrfx/libmodules__hal_nordic__nrfx.a(nrfx_gpiote.c.obj)
                0x0000000000005008                nrfx_gpiote_output_configure
 .text.nrfx_gpiote_global_callback_set
                0x00000000000050f0        0xc modules/hal_nordic/nrfx/libmodules__hal_nordic__nrfx.a(nrfx_gpiote.c.obj)
                0x00000000000050f0                nrfx_gpiote_global_callback_set
 .text.nrfx_gpiote_channel_get
                0x00000000000050fc       0x2c modules/hal_nordic/nrfx/libmodules__hal_nordic__nrfx.a(nrfx_gpiote.c.obj)
                0x00000000000050fc                nrfx_gpiote_channel_get
 .text.nrfx_gpiote_init
                0x0000000000005128       0x50 modules/hal_nordic/nrfx/libmodules__hal_nordic__nrfx.a(nrfx_gpiote.c.obj)
                0x0000000000005128                nrfx_gpiote_init
 .text.nrfx_gpiote_is_init
                0x0000000000005178       0x14 modules/hal_nordic/nrfx/libmodules__hal_nordic__nrfx.a(nrfx_gpiote.c.obj)
                0x0000000000005178                nrfx_gpiote_is_init
 .text.nrfx_gpiote_channel_free
                0x000000000000518c        0xc modules/hal_nordic/nrfx/libmodules__hal_nordic__nrfx.a(nrfx_gpiote.c.obj)
                0x000000000000518c                nrfx_gpiote_channel_free
 .text.nrfx_gpiote_channel_alloc
                0x0000000000005198        0xc modules/hal_nordic/nrfx/libmodules__hal_nordic__nrfx.a(nrfx_gpiote.c.obj)
                0x0000000000005198                nrfx_gpiote_channel_alloc
 .text.nrfx_gpiote_trigger_enable
                0x00000000000051a4       0x8c modules/hal_nordic/nrfx/libmodules__hal_nordic__nrfx.a(nrfx_gpiote.c.obj)
                0x00000000000051a4                nrfx_gpiote_trigger_enable
 .text.nrfx_gpiote_trigger_disable
                0x0000000000005230       0x50 modules/hal_nordic/nrfx/libmodules__hal_nordic__nrfx.a(nrfx_gpiote.c.obj)
                0x0000000000005230                nrfx_gpiote_trigger_disable
 .text.nrfx_gpiote_pin_uninit
                0x0000000000005280       0x50 modules/hal_nordic/nrfx/libmodules__hal_nordic__nrfx.a(nrfx_gpiote.c.obj)
                0x0000000000005280                nrfx_gpiote_pin_uninit
 .text.nrfx_gpiote_irq_handler
                0x00000000000052d0      0x1a4 modules/hal_nordic/nrfx/libmodules__hal_nordic__nrfx.a(nrfx_gpiote.c.obj)
                0x00000000000052d0                nrfx_gpiote_irq_handler
 .text.nrfx_ipc_init
                0x0000000000005474       0x30 modules/hal_nordic/nrfx/libmodules__hal_nordic__nrfx.a(nrfx_ipc.c.obj)
                0x0000000000005474                nrfx_ipc_init
 .text.nrfx_ipc_config_load
                0x00000000000054a4       0x40 modules/hal_nordic/nrfx/libmodules__hal_nordic__nrfx.a(nrfx_ipc.c.obj)
                0x00000000000054a4                nrfx_ipc_config_load
 .text.nrfx_ipc_receive_event_enable
                0x00000000000054e4       0x10 modules/hal_nordic/nrfx/libmodules__hal_nordic__nrfx.a(nrfx_ipc.c.obj)
                0x00000000000054e4                nrfx_ipc_receive_event_enable
 .text.nrfx_ipc_receive_event_disable
                0x00000000000054f4       0x10 modules/hal_nordic/nrfx/libmodules__hal_nordic__nrfx.a(nrfx_ipc.c.obj)
                0x00000000000054f4                nrfx_ipc_receive_event_disable
 .text.nrfx_ipc_irq_handler
                0x0000000000005504       0x40 modules/hal_nordic/nrfx/libmodules__hal_nordic__nrfx.a(nrfx_ipc.c.obj)
                0x0000000000005504                nrfx_ipc_irq_handler
 .text.nrf_gpio_cfg_default
                0x0000000000005544       0x30 modules/hal_nordic/nrfx/libmodules__hal_nordic__nrfx.a(nrfx_pdm.c.obj)
 .text.nrfx_pdm_irq_handler
                0x0000000000005574       0xfc modules/hal_nordic/nrfx/libmodules__hal_nordic__nrfx.a(nrfx_pdm.c.obj)
                0x0000000000005574                nrfx_pdm_irq_handler
 .text.nrfx_pdm_init
                0x0000000000005670      0x108 modules/hal_nordic/nrfx/libmodules__hal_nordic__nrfx.a(nrfx_pdm.c.obj)
                0x0000000000005670                nrfx_pdm_init
 .text.nrfx_pdm_uninit
                0x0000000000005778       0x30 modules/hal_nordic/nrfx/libmodules__hal_nordic__nrfx.a(nrfx_pdm.c.obj)
                0x0000000000005778                nrfx_pdm_uninit
 .text.nrfx_pdm_start
                0x00000000000057a8       0x38 modules/hal_nordic/nrfx/libmodules__hal_nordic__nrfx.a(nrfx_pdm.c.obj)
                0x00000000000057a8                nrfx_pdm_start
 .text.nrfx_pdm_buffer_set
                0x00000000000057e0       0x9c modules/hal_nordic/nrfx/libmodules__hal_nordic__nrfx.a(nrfx_pdm.c.obj)
                0x00000000000057e0                nrfx_pdm_buffer_set
 .text.nrfx_pdm_stop
                0x000000000000587c       0x44 modules/hal_nordic/nrfx/libmodules__hal_nordic__nrfx.a(nrfx_pdm.c.obj)
                0x000000000000587c                nrfx_pdm_stop
 .text.z_sys_init_run_level
                0x00000000000058c0       0x40 zephyr/kernel/libkernel.a(device.c.obj)
                0x00000000000058c0                z_sys_init_run_level
 .text.z_fatal_error
                0x0000000000005900       0xfc zephyr/kernel/libkernel.a(fatal.c.obj)
                0x0000000000005900                z_fatal_error
 .text.bg_thread_main
                0x00000000000059fc       0x34 zephyr/kernel/libkernel.a(init.c.obj)
 .text.z_bss_zero
                0x0000000000005a30       0x18 zephyr/kernel/libkernel.a(init.c.obj)
                0x0000000000005a30                z_bss_zero
 .text.z_init_cpu
                0x0000000000005a48       0x68 zephyr/kernel/libkernel.a(init.c.obj)
                0x0000000000005a48                z_init_cpu
 .text.z_cstart
                0x0000000000005ab0       0xd8 zephyr/kernel/libkernel.a(init.c.obj)
                0x0000000000005ab0                z_cstart
 .text.init_mem_slab_module
                0x0000000000005b88       0x44 zephyr/kernel/libkernel.a(mem_slab.c.obj)
 .text.k_mem_slab_alloc
                0x0000000000005bcc       0x5c zephyr/kernel/libkernel.a(mem_slab.c.obj)
                0x0000000000005bcc                k_mem_slab_alloc
 .text.z_setup_new_thread
                0x0000000000005c28       0x60 zephyr/kernel/libkernel.a(thread.c.obj)
                0x0000000000005c28                z_setup_new_thread
 .text.z_impl_k_thread_create
                0x0000000000005c88       0x58 zephyr/kernel/libkernel.a(thread.c.obj)
                0x0000000000005c88                z_impl_k_thread_create
 .text.z_init_static_threads
                0x0000000000005ce0       0xb8 zephyr/kernel/libkernel.a(thread.c.obj)
                0x0000000000005ce0                z_init_static_threads
 .text.idle     0x0000000000005d98       0x38 zephyr/kernel/libkernel.a(idle.c.obj)
                0x0000000000005d98                idle
 .text.z_impl_k_msgq_put
                0x0000000000005dd0       0xa0 zephyr/kernel/libkernel.a(msg_q.c.obj)
                0x0000000000005dd0                z_impl_k_msgq_put
 .text.z_impl_k_msgq_get
                0x0000000000005e70       0xb4 zephyr/kernel/libkernel.a(msg_q.c.obj)
                0x0000000000005e70                z_impl_k_msgq_get
 .text.z_impl_k_mutex_lock
                0x0000000000005f24       0xf0 zephyr/kernel/libkernel.a(mutex.c.obj)
                0x0000000000005f24                z_impl_k_mutex_lock
 .text.z_impl_k_mutex_unlock
                0x0000000000006014       0x78 zephyr/kernel/libkernel.a(mutex.c.obj)
                0x0000000000006014                z_impl_k_mutex_unlock
 .text.z_impl_k_sem_give
                0x000000000000608c       0x40 zephyr/kernel/libkernel.a(sem.c.obj)
                0x000000000000608c                z_impl_k_sem_give
 .text.z_impl_k_sem_take
                0x00000000000060cc       0x50 zephyr/kernel/libkernel.a(sem.c.obj)
                0x00000000000060cc                z_impl_k_sem_take
 .text.z_reset_time_slice
                0x000000000000611c       0x28 zephyr/kernel/libkernel.a(sched.c.obj)
                0x000000000000611c                z_reset_time_slice
 .text.k_sched_time_slice_set
                0x0000000000006144       0x64 zephyr/kernel/libkernel.a(sched.c.obj)
                0x0000000000006144                k_sched_time_slice_set
 .text.z_reschedule
                0x00000000000061a8       0x24 zephyr/kernel/libkernel.a(sched.c.obj)
                0x00000000000061a8                z_reschedule
 .text.k_sched_lock
                0x00000000000061cc       0x28 zephyr/kernel/libkernel.a(sched.c.obj)
                0x00000000000061cc                k_sched_lock
 .text.update_cache
                0x00000000000061f4       0x40 zephyr/kernel/libkernel.a(sched.c.obj)
 .text.move_thread_to_end_of_prio_q
                0x0000000000006234       0x74 zephyr/kernel/libkernel.a(sched.c.obj)
 .text.z_time_slice
                0x00000000000062a8       0x84 zephyr/kernel/libkernel.a(sched.c.obj)
                0x00000000000062a8                z_time_slice
 .text.ready_thread
                0x000000000000632c       0x6c zephyr/kernel/libkernel.a(sched.c.obj)
 .text.z_sched_start
                0x0000000000006398       0x3c zephyr/kernel/libkernel.a(sched.c.obj)
                0x0000000000006398                z_sched_start
 .text.unready_thread
                0x00000000000063d4       0x30 zephyr/kernel/libkernel.a(sched.c.obj)
 .text.pend     0x0000000000006404       0x4c zephyr/kernel/libkernel.a(sched.c.obj)
 .text.z_pend_curr
                0x0000000000006450       0x28 zephyr/kernel/libkernel.a(sched.c.obj)
                0x0000000000006450                z_pend_curr
 .text.z_set_prio
                0x0000000000006478       0x90 zephyr/kernel/libkernel.a(sched.c.obj)
                0x0000000000006478                z_set_prio
 .text.z_impl_k_thread_suspend
                0x0000000000006508       0x64 zephyr/kernel/libkernel.a(sched.c.obj)
                0x0000000000006508                z_impl_k_thread_suspend
 .text.k_sched_unlock
                0x000000000000656c       0x38 zephyr/kernel/libkernel.a(sched.c.obj)
                0x000000000000656c                k_sched_unlock
 .text.z_sched_init
                0x00000000000065a4       0x18 zephyr/kernel/libkernel.a(sched.c.obj)
                0x00000000000065a4                z_sched_init
 .text.z_impl_k_yield
                0x00000000000065bc       0x80 zephyr/kernel/libkernel.a(sched.c.obj)
                0x00000000000065bc                z_impl_k_yield
 .text.z_tick_sleep
                0x000000000000663c       0x90 zephyr/kernel/libkernel.a(sched.c.obj)
 .text.z_impl_k_sleep
                0x00000000000066cc       0x34 zephyr/kernel/libkernel.a(sched.c.obj)
                0x00000000000066cc                z_impl_k_sleep
 .text.z_impl_z_current_get
                0x0000000000006700        0xc zephyr/kernel/libkernel.a(sched.c.obj)
                0x0000000000006700                z_impl_z_current_get
 .text.z_thread_abort
                0x000000000000670c       0xc0 zephyr/kernel/libkernel.a(sched.c.obj)
                0x000000000000670c                z_thread_abort
 .text.z_data_copy
                0x00000000000067cc       0x34 zephyr/kernel/libkernel.a(xip.c.obj)
                0x00000000000067cc                z_data_copy
 .text.elapsed  0x0000000000006800       0x14 zephyr/kernel/libkernel.a(timeout.c.obj)
 .text.next_timeout
                0x0000000000006814       0x4c zephyr/kernel/libkernel.a(timeout.c.obj)
 .text.remove_timeout
                0x0000000000006860       0x34 zephyr/kernel/libkernel.a(timeout.c.obj)
 .text.z_add_timeout
                0x0000000000006894       0xf4 zephyr/kernel/libkernel.a(timeout.c.obj)
                0x0000000000006894                z_add_timeout
 .text.sys_clock_announce
                0x0000000000006988       0xb8 zephyr/kernel/libkernel.a(timeout.c.obj)
                0x0000000000006988                sys_clock_announce
 .text.sys_clock_tick_get
                0x0000000000006a40       0x34 zephyr/kernel/libkernel.a(timeout.c.obj)
                0x0000000000006a40                sys_clock_tick_get
 .text.z_timer_expiration_handler
                0x0000000000006a74       0xd4 zephyr/kernel/libkernel.a(timer.c.obj)
                0x0000000000006a74                z_timer_expiration_handler
 .text.z_impl_k_timer_start
                0x0000000000006b48       0xa4 zephyr/kernel/libkernel.a(timer.c.obj)
                0x0000000000006b48                z_impl_k_timer_start
 .text.boot_banner
                0x0000000000006bec       0x18 zephyr/kernel/libkernel.a(banner.c.obj)
                0x0000000000006bec                boot_banner
 .text.statics_init
                0x0000000000006c04       0x24 zephyr/kernel/libkernel.a(kheap.c.obj)
 .text.nrf_cc3xx_platform_init_no_rng
                0x0000000000006c28       0x38 /home/ark/ncs/v2.1.2/nrfxlib/crypto/nrf_cc312_platform/lib/cortex-m33/soft-float/no-interrupts/libnrf_cc312_platform_0.9.15.a(nrf_cc3xx_platform.c.obj)
                0x0000000000006c28                nrf_cc3xx_platform_init_no_rng
 .text.nrf_cc3xx_platform_abort
                0x0000000000006c60       0x24 /home/ark/ncs/v2.1.2/nrfxlib/crypto/nrf_cc312_platform/lib/cortex-m33/soft-float/no-interrupts/libnrf_cc312_platform_0.9.15.a(nrf_cc3xx_platform_abort.c.obj)
 .text.CC_PalAbort
                0x0000000000006c84       0x44 /home/ark/ncs/v2.1.2/nrfxlib/crypto/nrf_cc312_platform/lib/cortex-m33/soft-float/no-interrupts/libnrf_cc312_platform_0.9.15.a(nrf_cc3xx_platform_abort.c.obj)
                0x0000000000006c84                CC_PalAbort
 .text.nrf_cc3xx_platform_set_abort
                0x0000000000006cc8       0x10 /home/ark/ncs/v2.1.2/nrfxlib/crypto/nrf_cc312_platform/lib/cortex-m33/soft-float/no-interrupts/libnrf_cc312_platform_0.9.15.a(nrf_cc3xx_platform_abort.c.obj)
                0x0000000000006cc8                nrf_cc3xx_platform_set_abort
 .text.mutex_free
                0x0000000000006cd8       0x28 /home/ark/ncs/v2.1.2/nrfxlib/crypto/nrf_cc312_platform/lib/cortex-m33/soft-float/no-interrupts/libnrf_cc312_platform_0.9.15.a(nrf_cc3xx_platform_mutex.c.obj)
 .text.mutex_lock
                0x0000000000006d00       0x40 /home/ark/ncs/v2.1.2/nrfxlib/crypto/nrf_cc312_platform/lib/cortex-m33/soft-float/no-interrupts/libnrf_cc312_platform_0.9.15.a(nrf_cc3xx_platform_mutex.c.obj)
 .text.mutex_unlock
                0x0000000000006d40       0x30 /home/ark/ncs/v2.1.2/nrfxlib/crypto/nrf_cc312_platform/lib/cortex-m33/soft-float/no-interrupts/libnrf_cc312_platform_0.9.15.a(nrf_cc3xx_platform_mutex.c.obj)
 .text.mutex_init
                0x0000000000006d70       0x1c /home/ark/ncs/v2.1.2/nrfxlib/crypto/nrf_cc312_platform/lib/cortex-m33/soft-float/no-interrupts/libnrf_cc312_platform_0.9.15.a(nrf_cc3xx_platform_mutex.c.obj)
 .text.nrf_cc3xx_platform_set_mutexes
                0x0000000000006d8c       0x68 /home/ark/ncs/v2.1.2/nrfxlib/crypto/nrf_cc312_platform/lib/cortex-m33/soft-float/no-interrupts/libnrf_cc312_platform_0.9.15.a(nrf_cc3xx_platform_mutex.c.obj)
                0x0000000000006d8c                nrf_cc3xx_platform_set_mutexes
 .text.CC_LibInitNoRng
                0x0000000000006df4       0x28 /home/ark/ncs/v2.1.2/nrfxlib/crypto/nrf_cc312_platform/lib/cortex-m33/soft-float/no-interrupts/libnrf_cc312_platform_0.9.15.a(cc_lib.c.obj)
                0x0000000000006df4                CC_LibInitNoRng
 .text.CC_HalInit
                0x0000000000006e1c        0x4 /home/ark/ncs/v2.1.2/nrfxlib/crypto/nrf_cc312_platform/lib/cortex-m33/soft-float/no-interrupts/libnrf_cc312_platform_0.9.15.a(cc_hal.c.obj)
                0x0000000000006e1c                CC_HalInit
 .text.CC_PalInit
                0x0000000000006e20       0x5c /home/ark/ncs/v2.1.2/nrfxlib/crypto/nrf_cc312_platform/lib/cortex-m33/soft-float/no-interrupts/libnrf_cc312_platform_0.9.15.a(cc_pal.c.obj)
                0x0000000000006e20                CC_PalInit
 .text.CC_PalTerminate
                0x0000000000006e7c       0x34 /home/ark/ncs/v2.1.2/nrfxlib/crypto/nrf_cc312_platform/lib/cortex-m33/soft-float/no-interrupts/libnrf_cc312_platform_0.9.15.a(cc_pal.c.obj)
                0x0000000000006e7c                CC_PalTerminate
 .text.CC_PalDmaInit
                0x0000000000006eb0        0x4 /home/ark/ncs/v2.1.2/nrfxlib/crypto/nrf_cc312_platform/lib/cortex-m33/soft-float/no-interrupts/libnrf_cc312_platform_0.9.15.a(cc_pal_dma.c.obj)
                0x0000000000006eb0                CC_PalDmaInit
 .text.CC_PalDmaTerminate
                0x0000000000006eb4        0x4 /home/ark/ncs/v2.1.2/nrfxlib/crypto/nrf_cc312_platform/lib/cortex-m33/soft-float/no-interrupts/libnrf_cc312_platform_0.9.15.a(cc_pal_dma.c.obj)
                0x0000000000006eb4                CC_PalDmaTerminate
 .text.CC_PalMutexCreate
                0x0000000000006eb8       0x14 /home/ark/ncs/v2.1.2/nrfxlib/crypto/nrf_cc312_platform/lib/cortex-m33/soft-float/no-interrupts/libnrf_cc312_platform_0.9.15.a(cc_pal_mutex.c.obj)
                0x0000000000006eb8                CC_PalMutexCreate
 .text.CC_PalMutexDestroy
                0x0000000000006ecc       0x14 /home/ark/ncs/v2.1.2/nrfxlib/crypto/nrf_cc312_platform/lib/cortex-m33/soft-float/no-interrupts/libnrf_cc312_platform_0.9.15.a(cc_pal_mutex.c.obj)
                0x0000000000006ecc                CC_PalMutexDestroy
 .text.CC_PalPowerSaveModeInit
                0x0000000000006ee0       0x3c /home/ark/ncs/v2.1.2/nrfxlib/crypto/nrf_cc312_platform/lib/cortex-m33/soft-float/no-interrupts/libnrf_cc312_platform_0.9.15.a(cc_pal_pm.c.obj)
                0x0000000000006ee0                CC_PalPowerSaveModeInit
 .text.z_log_msg_static_create.constprop.0
                0x0000000000006f1c        0x6 app/libapp.a(main.c.obj)
 .text.cbpprintf_external
                0x0000000000006f22       0x5a zephyr/libzephyr.a(cbprintf_packaged.c.obj)
                0x0000000000006f22                cbpprintf_external
 .text.sys_notify_validate
                0x0000000000006f7c       0x22 zephyr/libzephyr.a(notify.c.obj)
                0x0000000000006f7c                sys_notify_validate
 .text.sys_notify_finalize
                0x0000000000006f9e       0x1a zephyr/libzephyr.a(notify.c.obj)
                0x0000000000006f9e                sys_notify_finalize
 .text.arch_printk_char_out
                0x0000000000006fb8        0x4 zephyr/libzephyr.a(printk.c.obj)
                0x0000000000006fb8                arch_printk_char_out
 .text.str_out  0x0000000000006fbc       0x26 zephyr/libzephyr.a(printk.c.obj)
 .text.printk   0x0000000000006fe2       0x1a zephyr/libzephyr.a(printk.c.obj)
                0x0000000000006fe2                printk
 .text.snprintk
                0x0000000000006ffc       0x1a zephyr/libzephyr.a(printk.c.obj)
                0x0000000000006ffc                snprintk
 .text.process_recheck
                0x0000000000007016       0x38 zephyr/libzephyr.a(onoff.c.obj)
 .text.notify_one
                0x000000000000704e       0x2c zephyr/libzephyr.a(onoff.c.obj)
 .text.transition_complete
                0x000000000000707a       0x1c zephyr/libzephyr.a(onoff.c.obj)
 .text.validate_args
                0x0000000000007096       0x1e zephyr/libzephyr.a(onoff.c.obj)
 .text.onoff_manager_init
                0x00000000000070b4       0x26 zephyr/libzephyr.a(onoff.c.obj)
                0x00000000000070b4                onoff_manager_init
 .text.onoff_request
                0x00000000000070da       0x92 zephyr/libzephyr.a(onoff.c.obj)
                0x00000000000070da                onoff_request
 .text.onoff_release
                0x000000000000716c       0x4a zephyr/libzephyr.a(onoff.c.obj)
                0x000000000000716c                onoff_release
 .text.z_thread_entry
                0x00000000000071b6       0x14 zephyr/libzephyr.a(thread_entry.c.obj)
                0x00000000000071b6                z_thread_entry
 .text.chunk_field
                0x00000000000071ca       0x16 zephyr/libzephyr.a(heap.c.obj)
 .text.chunk_set
                0x00000000000071e0       0x16 zephyr/libzephyr.a(heap.c.obj)
 .text.chunk_size
                0x00000000000071f6        0xc zephyr/libzephyr.a(heap.c.obj)
 .text.set_chunk_used
                0x0000000000007202       0x30 zephyr/libzephyr.a(heap.c.obj)
 .text.set_chunk_size
                0x0000000000007232        0x8 zephyr/libzephyr.a(heap.c.obj)
 .text.bucket_idx.isra.0
                0x000000000000723a       0x1c zephyr/libzephyr.a(heap.c.obj)
 .text.free_list_add
                0x0000000000007256       0x86 zephyr/libzephyr.a(heap.c.obj)
 .text.sys_heap_init
                0x00000000000072dc       0xa4 zephyr/libzephyr.a(heap.c.obj)
                0x00000000000072dc                sys_heap_init
 .text.encode_uint
                0x0000000000007380       0x8c zephyr/libzephyr.a(cbprintf_complete.c.obj)
 .text.outs     0x000000000000740c       0x2c zephyr/libzephyr.a(cbprintf_complete.c.obj)
 .text.free_space
                0x0000000000007438       0x2a zephyr/libzephyr.a(mpsc_pbuf.c.obj)
 .text.get_usage
                0x0000000000007462       0x22 zephyr/libzephyr.a(mpsc_pbuf.c.obj)
 .text.idx_inc  0x0000000000007484       0x1c zephyr/libzephyr.a(mpsc_pbuf.c.obj)
 .text.add_skip_item
                0x00000000000074a0       0x2c zephyr/libzephyr.a(mpsc_pbuf.c.obj)
 .text.max_utilization_update
                0x00000000000074cc       0x22 zephyr/libzephyr.a(mpsc_pbuf.c.obj)
 .text.drop_item_locked
                0x00000000000074ee       0xb4 zephyr/libzephyr.a(mpsc_pbuf.c.obj)
 .text.mpsc_pbuf_init
                0x00000000000075a2       0x42 zephyr/libzephyr.a(mpsc_pbuf.c.obj)
                0x00000000000075a2                mpsc_pbuf_init
 .text.mpsc_pbuf_alloc
                0x00000000000075e4       0xf2 zephyr/libzephyr.a(mpsc_pbuf.c.obj)
                0x00000000000075e4                mpsc_pbuf_alloc
 .text.mpsc_pbuf_commit
                0x00000000000076d6       0x40 zephyr/libzephyr.a(mpsc_pbuf.c.obj)
                0x00000000000076d6                mpsc_pbuf_commit
 .text.mpsc_pbuf_claim
                0x0000000000007716       0x98 zephyr/libzephyr.a(mpsc_pbuf.c.obj)
                0x0000000000007716                mpsc_pbuf_claim
 .text.mpsc_pbuf_free
                0x00000000000077ae       0x68 zephyr/libzephyr.a(mpsc_pbuf.c.obj)
                0x00000000000077ae                mpsc_pbuf_free
 .text.mpsc_pbuf_is_pending
                0x0000000000007816       0x16 zephyr/libzephyr.a(mpsc_pbuf.c.obj)
                0x0000000000007816                mpsc_pbuf_is_pending
 .text._ConfigAbsSyms
                0x000000000000782c        0x2 zephyr/libzephyr.a(configs.c.obj)
                0x000000000000782c                _ConfigAbsSyms
 .text.pm_state_exit_post_ops
                0x000000000000782e        0xc zephyr/libzephyr.a(power.c.obj)
                0x000000000000782e                pm_state_exit_post_ops
 .text.log_msg_generic_get_wlen
                0x000000000000783a       0x22 zephyr/libzephyr.a(log_core.c.obj)
 .text.dummy_timestamp
                0x000000000000785c        0x4 zephyr/libzephyr.a(log_core.c.obj)
 .text.default_get_timestamp
                0x0000000000007860        0x4 zephyr/libzephyr.a(log_core.c.obj)
 .text.notify_drop
                0x0000000000007864        0x6 zephyr/libzephyr.a(log_core.c.obj)
 .text.z_log_get_tag
                0x000000000000786a        0x4 zephyr/libzephyr.a(log_core.c.obj)
                0x000000000000786a                z_log_get_tag
 .text.z_cbprintf_cpy
                0x000000000000786e       0x2e zephyr/libzephyr.a(log_msg.c.obj)
 .text.z_log_msg_finalize
                0x000000000000789c       0x36 zephyr/libzephyr.a(log_msg.c.obj)
                0x000000000000789c                z_log_msg_finalize
 .text.buffer_write
                0x00000000000078d2       0x1a zephyr/libzephyr.a(log_output.c.obj)
 .text.cbvprintf
                0x00000000000078ec        0xe zephyr/libzephyr.a(log_output.c.obj)
 .text.log_output_flush
                0x00000000000078fa       0x1a zephyr/libzephyr.a(log_output.c.obj)
                0x00000000000078fa                log_output_flush
 .text.out_func
                0x0000000000007914       0x2e zephyr/libzephyr.a(log_output.c.obj)
 .text.cr_out_func
                0x0000000000007942       0x1a zephyr/libzephyr.a(log_output.c.obj)
 .text.abort_function
                0x000000000000795c        0x8 zephyr/libzephyr.a(nrf_cc3xx_platform_abort_zephyr.c.obj)
 .text.z_do_kernel_oops
                0x0000000000007964        0x8 zephyr/arch/arch/arm/core/aarch32/libarch__arm__core__aarch32.a(fatal.c.obj)
                0x0000000000007964                z_do_kernel_oops
 .text.z_irq_spurious
                0x000000000000796c        0x8 zephyr/arch/arch/arm/core/aarch32/libarch__arm__core__aarch32.a(irq_manage.c.obj)
                0x000000000000796c                z_irq_spurious
 .text.z_arm_nmi
                0x0000000000007974        0xe zephyr/arch/arch/arm/core/aarch32/libarch__arm__core__aarch32.a(nmi.c.obj)
                0x0000000000007974                z_arm_nmi
 .text.configure_builtin_stack_guard
                0x0000000000007982        0x8 zephyr/arch/arch/arm/core/aarch32/libarch__arm__core__aarch32.a(thread.c.obj)
                0x0000000000007982                configure_builtin_stack_guard
 .text.z_log_msg_static_create.constprop.0
                0x000000000000798a        0x6 zephyr/arch/arch/arm/core/aarch32/cortex_m/libarch__arm__core__aarch32__cortex_m.a(fault.c.obj)
 .text.arm_cmse_mpu_region_get
                0x0000000000007990       0x12 zephyr/arch/arch/arm/core/aarch32/cortex_m/cmse/libarch__arm__core__aarch32__cortex_m__cmse.a(arm_core_cmse.c.obj)
                0x0000000000007990                arm_cmse_mpu_region_get
 .text.mpu_configure_region
                0x00000000000079a2       0x3a zephyr/arch/arch/arm/core/aarch32/mpu/libarch__arm__core__aarch32__mpu.a(arm_mpu.c.obj)
 .text.strlen   0x00000000000079dc        0xe zephyr/lib/libc/minimal/liblib__libc__minimal.a(string.c.obj)
                0x00000000000079dc                strlen
 .text.strnlen  0x00000000000079ea       0x12 zephyr/lib/libc/minimal/liblib__libc__minimal.a(string.c.obj)
                0x00000000000079ea                strnlen
 .text.memcpy   0x00000000000079fc       0x16 zephyr/lib/libc/minimal/liblib__libc__minimal.a(string.c.obj)
                0x00000000000079fc                memcpy
 .text.memset   0x0000000000007a12       0x12 zephyr/lib/libc/minimal/liblib__libc__minimal.a(string.c.obj)
                0x0000000000007a12                memset
 .text._stdout_hook_default
                0x0000000000007a24        0x6 zephyr/lib/libc/minimal/liblib__libc__minimal.a(stdout_console.c.obj)
 .text.get_status
                0x0000000000007a2a       0x12 zephyr/drivers/clock_control/libdrivers__clock_control.a(clock_control_nrf.c.obj)
 .text.set_on_state
                0x0000000000007a3c       0x26 zephyr/drivers/clock_control/libdrivers__clock_control.a(clock_control_nrf.c.obj)
 .text.stop     0x0000000000007a62       0x54 zephyr/drivers/clock_control/libdrivers__clock_control.a(clock_control_nrf.c.obj)
 .text.api_stop
                0x0000000000007ab6        0x6 zephyr/drivers/clock_control/libdrivers__clock_control.a(clock_control_nrf.c.obj)
 .text.async_start
                0x0000000000007abc       0x60 zephyr/drivers/clock_control/libdrivers__clock_control.a(clock_control_nrf.c.obj)
 .text.api_start
                0x0000000000007b1c        0xe zephyr/drivers/clock_control/libdrivers__clock_control.a(clock_control_nrf.c.obj)
 .text.onoff_started_callback
                0x0000000000007b2a       0x12 zephyr/drivers/clock_control/libdrivers__clock_control.a(clock_control_nrf.c.obj)
 .text.hfclkaudio_start
                0x0000000000007b3c        0x6 zephyr/drivers/clock_control/libdrivers__clock_control.a(clock_control_nrf.c.obj)
 .text.hfclk192m_start
                0x0000000000007b42        0x6 zephyr/drivers/clock_control/libdrivers__clock_control.a(clock_control_nrf.c.obj)
 .text.lfclk_start
                0x0000000000007b48        0x6 zephyr/drivers/clock_control/libdrivers__clock_control.a(clock_control_nrf.c.obj)
 .text.hfclkaudio_stop
                0x0000000000007b4e        0x6 zephyr/drivers/clock_control/libdrivers__clock_control.a(clock_control_nrf.c.obj)
 .text.hfclk192m_stop
                0x0000000000007b54        0x6 zephyr/drivers/clock_control/libdrivers__clock_control.a(clock_control_nrf.c.obj)
 .text.lfclk_stop
                0x0000000000007b5a        0x6 zephyr/drivers/clock_control/libdrivers__clock_control.a(clock_control_nrf.c.obj)
 .text.blocking_start_callback
                0x0000000000007b60        0x6 zephyr/drivers/clock_control/libdrivers__clock_control.a(clock_control_nrf.c.obj)
 .text.gpio_nrfx_port_get_raw
                0x0000000000007b66        0xc zephyr/drivers/gpio/libdrivers__gpio.a(gpio_nrfx.c.obj)
 .text.gpio_nrfx_port_set_masked_raw
                0x0000000000007b72       0x14 zephyr/drivers/gpio/libdrivers__gpio.a(gpio_nrfx.c.obj)
 .text.gpio_nrfx_port_set_bits_raw
                0x0000000000007b86        0xa zephyr/drivers/gpio/libdrivers__gpio.a(gpio_nrfx.c.obj)
 .text.gpio_nrfx_port_clear_bits_raw
                0x0000000000007b90        0xa zephyr/drivers/gpio/libdrivers__gpio.a(gpio_nrfx.c.obj)
 .text.gpio_nrfx_port_toggle_bits
                0x0000000000007b9a       0x14 zephyr/drivers/gpio/libdrivers__gpio.a(gpio_nrfx.c.obj)
 .text.gpio_nrfx_manage_callback
                0x0000000000007bae       0x54 zephyr/drivers/gpio/libdrivers__gpio.a(gpio_nrfx.c.obj)
 .text.z_log_msg_static_create.constprop.0
                0x0000000000007c02        0x6 zephyr/drivers/audio/libdrivers__audio.a(dmic_nrfx_pdm.c.obj)
 .text.clock_started_callback
                0x0000000000007c08       0x14 zephyr/drivers/audio/libdrivers__audio.a(dmic_nrfx_pdm.c.obj)
 .text.uarte_nrfx_config_get
                0x0000000000007c1c       0x10 zephyr/drivers/serial/libdrivers__serial.a(uart_nrfx_uarte.c.obj)
 .text.uarte_nrfx_err_check
                0x0000000000007c2c        0xe zephyr/drivers/serial/libdrivers__serial.a(uart_nrfx_uarte.c.obj)
 .text.uarte_nrfx_poll_in
                0x0000000000007c3a       0x28 zephyr/drivers/serial/libdrivers__serial.a(uart_nrfx_uarte.c.obj)
 .text.is_tx_ready.isra.0
                0x0000000000007c62       0x20 zephyr/drivers/serial/libdrivers__serial.a(uart_nrfx_uarte.c.obj)
 .text.uarte_nrfx_isr_int
                0x0000000000007c82       0x72 zephyr/drivers/serial/libdrivers__serial.a(uart_nrfx_uarte.c.obj)
 .text.sys_clock_idle_exit
                0x0000000000007cf4        0x2 zephyr/drivers/timer/libdrivers__timer.a(sys_clock_init.c.obj)
                0x0000000000007cf4                sys_clock_idle_exit
 .text.event_clear
                0x0000000000007cf6       0x18 zephyr/drivers/timer/libdrivers__timer.a(nrf_rtc_timer.c.obj)
 .text.z_nrf_rtc_timer_capture_task_address_get
                0x0000000000007d0e       0x12 zephyr/drivers/timer/libdrivers__timer.a(nrf_rtc_timer.c.obj)
                0x0000000000007d0e                z_nrf_rtc_timer_capture_task_address_get
 .text.z_nrf_rtc_timer_set
                0x0000000000007d20        0x4 zephyr/drivers/timer/libdrivers__timer.a(nrf_rtc_timer.c.obj)
                0x0000000000007d20                z_nrf_rtc_timer_set
 .text.sys_clock_cycle_get_32
                0x0000000000007d24        0x8 zephyr/drivers/timer/libdrivers__timer.a(nrf_rtc_timer.c.obj)
                0x0000000000007d24                sys_clock_cycle_get_32
 .text.pinctrl_lookup_state
                0x0000000000007d2c       0x30 zephyr/drivers/pinctrl/libdrivers__pinctrl.a(common.c.obj)
                0x0000000000007d2c                pinctrl_lookup_state
 .text.nrf_gpio_pin_write
                0x0000000000007d5c        0xa zephyr/drivers/pinctrl/libdrivers__pinctrl.a(pinctrl_nrf.c.obj)
 .text.pinctrl_configure_pins
                0x0000000000007d66      0x16c zephyr/drivers/pinctrl/libdrivers__pinctrl.a(pinctrl_nrf.c.obj)
                0x0000000000007d66                pinctrl_configure_pins
 .text.mbox_nrf_register_callback
                0x0000000000007ed2       0x1c zephyr/drivers/mbox/libdrivers__mbox.a(mbox_nrfx_ipc.c.obj)
 .text.mbox_nrf_mtu_get
                0x0000000000007eee        0x4 zephyr/drivers/mbox/libdrivers__mbox.a(mbox_nrfx_ipc.c.obj)
 .text.mbox_nrf_max_channels_get
                0x0000000000007ef2        0x4 zephyr/drivers/mbox/libdrivers__mbox.a(mbox_nrfx_ipc.c.obj)
 .text.hw_cc3xx_init_internal
                0x0000000000007ef6        0x4 modules/nrf/drivers/hw_cc310/lib..__nrf__drivers__hw_cc310.a(hw_cc310.c.obj)
 .text.hw_cc3xx_init
                0x0000000000007efa       0x12 modules/nrf/drivers/hw_cc310/lib..__nrf__drivers__hw_cc310.a(hw_cc310.c.obj)
 .text.nrfx_isr
                0x0000000000007f0c        0x2 modules/hal_nordic/nrfx/libmodules__hal_nordic__nrfx.a(nrfx_glue.c.obj)
                0x0000000000007f0c                nrfx_isr
 .text.nrfx_busy_wait
                0x0000000000007f0e        0x4 modules/hal_nordic/nrfx/libmodules__hal_nordic__nrfx.a(nrfx_glue.c.obj)
                0x0000000000007f0e                nrfx_busy_wait
 .text.clock_stop
                0x0000000000007f12       0xf6 modules/hal_nordic/nrfx/libmodules__hal_nordic__nrfx.a(nrfx_clock.c.obj)
 .text.nrfx_clock_enable
                0x0000000000008008       0x24 modules/hal_nordic/nrfx/libmodules__hal_nordic__nrfx.a(nrfx_clock.c.obj)
                0x0000000000008008                nrfx_clock_enable
 .text.nrfx_clock_start
                0x000000000000802c       0xc0 modules/hal_nordic/nrfx/libmodules__hal_nordic__nrfx.a(nrfx_clock.c.obj)
                0x000000000000802c                nrfx_clock_start
 .text.nrfx_clock_stop
                0x00000000000080ec        0x4 modules/hal_nordic/nrfx/libmodules__hal_nordic__nrfx.a(nrfx_clock.c.obj)
                0x00000000000080ec                nrfx_clock_stop
 .text.nrf_gpio_reconfigure
                0x00000000000080f0       0x8e modules/hal_nordic/nrfx/libmodules__hal_nordic__nrfx.a(nrfx_gpiote.c.obj)
 .text.nrf_gpio_cfg_sense_set
                0x000000000000817e       0x1e modules/hal_nordic/nrfx/libmodules__hal_nordic__nrfx.a(nrfx_gpiote.c.obj)
 .text.z_device_state_init
                0x000000000000819c        0x2 zephyr/kernel/libkernel.a(device.c.obj)
                0x000000000000819c                z_device_state_init
 .text.z_device_is_ready
                0x000000000000819e       0x14 zephyr/kernel/libkernel.a(device.c.obj)
                0x000000000000819e                z_device_is_ready
 .text.z_early_memset
                0x00000000000081b2        0x4 zephyr/kernel/libkernel.a(init.c.obj)
                0x00000000000081b2                z_early_memset
 .text.z_early_memcpy
                0x00000000000081b6        0x4 zephyr/kernel/libkernel.a(init.c.obj)
                0x00000000000081b6                z_early_memcpy
 .text.k_mem_slab_init
                0x00000000000081ba       0x36 zephyr/kernel/libkernel.a(mem_slab.c.obj)
                0x00000000000081ba                k_mem_slab_init
 .text.k_mem_slab_free
                0x00000000000081f0       0x52 zephyr/kernel/libkernel.a(mem_slab.c.obj)
                0x00000000000081f0                k_mem_slab_free
 .text.k_is_in_isr
                0x0000000000008242        0xc zephyr/kernel/libkernel.a(thread.c.obj)
                0x0000000000008242                k_is_in_isr
 .text.z_impl_k_thread_name_set
                0x000000000000824e        0x6 zephyr/kernel/libkernel.a(thread.c.obj)
                0x000000000000824e                z_impl_k_thread_name_set
 .text.k_thread_name_get
                0x0000000000008254        0x4 zephyr/kernel/libkernel.a(thread.c.obj)
                0x0000000000008254                k_thread_name_get
 .text.z_pm_save_idle_exit
                0x0000000000008258        0xe zephyr/kernel/libkernel.a(idle.c.obj)
                0x0000000000008258                z_pm_save_idle_exit
 .text.k_msgq_init
                0x0000000000008266       0x1e zephyr/kernel/libkernel.a(msg_q.c.obj)
                0x0000000000008266                k_msgq_init
 .text.adjust_owner_prio.isra.0
                0x0000000000008284       0x10 zephyr/kernel/libkernel.a(mutex.c.obj)
 .text.z_impl_k_mutex_init
                0x0000000000008294        0xe zephyr/kernel/libkernel.a(mutex.c.obj)
                0x0000000000008294                z_impl_k_mutex_init
 .text.z_impl_k_sem_init
                0x00000000000082a2       0x18 zephyr/kernel/libkernel.a(sem.c.obj)
                0x00000000000082a2                z_impl_k_sem_init
 .text.sys_dlist_remove
                0x00000000000082ba       0x10 zephyr/kernel/libkernel.a(sched.c.obj)
 .text.unpend_thread_no_timeout
                0x00000000000082ca       0x14 zephyr/kernel/libkernel.a(sched.c.obj)
 .text.z_unpend_thread_no_timeout
                0x00000000000082de       0x20 zephyr/kernel/libkernel.a(sched.c.obj)
                0x00000000000082de                z_unpend_thread_no_timeout
 .text.z_reschedule_irqlock
                0x00000000000082fe       0x18 zephyr/kernel/libkernel.a(sched.c.obj)
                0x00000000000082fe                z_reschedule_irqlock
 .text.z_reschedule_unlocked
                0x0000000000008316       0x14 zephyr/kernel/libkernel.a(sched.c.obj)
 .text.z_priq_dumb_best
                0x000000000000832a        0xc zephyr/kernel/libkernel.a(sched.c.obj)
                0x000000000000832a                z_priq_dumb_best
 .text.z_ready_thread
                0x0000000000008336       0x20 zephyr/kernel/libkernel.a(sched.c.obj)
                0x0000000000008336                z_ready_thread
 .text.z_thread_timeout
                0x0000000000008356       0x44 zephyr/kernel/libkernel.a(sched.c.obj)
                0x0000000000008356                z_thread_timeout
 .text.add_to_waitq_locked
                0x000000000000839a       0x54 zephyr/kernel/libkernel.a(sched.c.obj)
 .text.z_unpend1_no_timeout
                0x00000000000083ee       0x2a zephyr/kernel/libkernel.a(sched.c.obj)
                0x00000000000083ee                z_unpend1_no_timeout
 .text.z_unpend_first_thread
                0x0000000000008418       0x30 zephyr/kernel/libkernel.a(sched.c.obj)
                0x0000000000008418                z_unpend_first_thread
 .text.z_abort_timeout
                0x0000000000008448       0x2c zephyr/kernel/libkernel.a(timeout.c.obj)
                0x0000000000008448                z_abort_timeout
 .text.z_get_next_timeout_expiry
                0x0000000000008474       0x20 zephyr/kernel/libkernel.a(timeout.c.obj)
                0x0000000000008474                z_get_next_timeout_expiry
 .text.z_set_timeout_expiry
                0x0000000000008494       0x34 zephyr/kernel/libkernel.a(timeout.c.obj)
                0x0000000000008494                z_set_timeout_expiry
 .text.sys_clock_tick_get_32
                0x00000000000084c8        0x8 zephyr/kernel/libkernel.a(timeout.c.obj)
                0x00000000000084c8                sys_clock_tick_get_32
 .text.z_impl_k_uptime_ticks
                0x00000000000084d0        0x4 zephyr/kernel/libkernel.a(timeout.c.obj)
                0x00000000000084d0                z_impl_k_uptime_ticks
 .text.z_impl_k_busy_wait
                0x00000000000084d4        0x8 zephyr/kernel/libkernel.a(timeout.c.obj)
                0x00000000000084d4                z_impl_k_busy_wait
 .text.k_timer_init
                0x00000000000084dc       0x18 zephyr/kernel/libkernel.a(timer.c.obj)
                0x00000000000084dc                k_timer_init
 .text.z_impl_k_timer_stop
                0x00000000000084f4       0x3a zephyr/kernel/libkernel.a(timer.c.obj)
                0x00000000000084f4                z_impl_k_timer_stop
 .text.k_heap_init
                0x000000000000852e       0x10 zephyr/kernel/libkernel.a(kheap.c.obj)
                0x000000000000852e                k_heap_init
 .text._OffsetAbsSyms
                0x000000000000853e        0x2 zephyr/CMakeFiles/offsets.dir/./arch/arm/core/offsets/offsets.c.obj
                0x000000000000853e                _OffsetAbsSyms
 *(SORT_BY_ALIGNMENT(.TEXT.*))
 *(SORT_BY_ALIGNMENT(.gnu.linkonce.t.*))
 *(SORT_BY_ALIGNMENT(.glue_7t))
 .glue_7t       0x0000000000008540        0x0 linker stubs
 *(SORT_BY_ALIGNMENT(.glue_7))
 .glue_7        0x0000000000008540        0x0 linker stubs
 *(SORT_BY_ALIGNMENT(.vfp11_veneer))
 .vfp11_veneer  0x0000000000008540        0x0 linker stubs
 *(SORT_BY_ALIGNMENT(.v4_bx))
 .v4_bx         0x0000000000008540        0x0 linker stubs
                0x0000000000008540                __text_region_end = .

.ARM.exidx      0x0000000000008540        0x8
                0x0000000000008540                __exidx_start = .
 *(SORT_BY_ALIGNMENT(.ARM.exidx*) SORT_BY_ALIGNMENT(gnu.linkonce.armexidx.*))
 .ARM.exidx     0x0000000000008540        0x8 /home/ark/ncs/toolchains/v2.1.2/opt/zephyr-sdk/arm-zephyr-eabi/bin/../lib/gcc/arm-zephyr-eabi/10.3.0/thumb/v8-m.main/nofp/libgcc.a(_udivmoddi4.o)
                0x0000000000008548                __exidx_end = .
                0x0000000000008548                __rodata_region_start = .

initlevel       0x0000000000008548       0x78
                0x0000000000008548                __init_start = .
                0x0000000000008548                __init_PRE_KERNEL_1_start = .
 *(SORT_BY_NAME(SORT_BY_ALIGNMENT(.z_init_PRE_KERNEL_1[0-9]_*)))
 .z_init_PRE_KERNEL_10_
                0x0000000000008548        0x8 zephyr/libzephyr.a(soc.c.obj)
 *(SORT_BY_NAME(SORT_BY_ALIGNMENT(.z_init_PRE_KERNEL_1[1-9][0-9]_*)))
 .z_init_PRE_KERNEL_130_
                0x0000000000008550        0x8 zephyr/drivers/clock_control/libdrivers__clock_control.a(clock_control_nrf.c.obj)
 .z_init_PRE_KERNEL_130_
                0x0000000000008558        0x8 zephyr/kernel/libkernel.a(mem_slab.c.obj)
 .z_init_PRE_KERNEL_130_
                0x0000000000008560        0x8 zephyr/kernel/libkernel.a(kheap.c.obj)
 .z_init_PRE_KERNEL_140_
                0x0000000000008568       0x10 zephyr/drivers/gpio/libdrivers__gpio.a(gpio_nrfx.c.obj)
 .z_init_PRE_KERNEL_140_
                0x0000000000008578        0x8 modules/nrf/drivers/hw_cc310/lib..__nrf__drivers__hw_cc310.a(hw_cc310.c.obj)
 .z_init_PRE_KERNEL_155_
                0x0000000000008580        0x8 zephyr/drivers/serial/libdrivers__serial.a(uart_nrfx_uarte.c.obj)
 .z_init_PRE_KERNEL_160_
                0x0000000000008588        0x8 zephyr/drivers/console/libdrivers__console.a(uart_console.c.obj)
                0x0000000000008590                __init_PRE_KERNEL_2_start = .
 *(SORT_BY_NAME(SORT_BY_ALIGNMENT(.z_init_PRE_KERNEL_2[0-9]_*)))
 .z_init_PRE_KERNEL_20_
                0x0000000000008590        0x8 zephyr/drivers/timer/libdrivers__timer.a(nrf_rtc_timer.c.obj)
 *(SORT_BY_NAME(SORT_BY_ALIGNMENT(.z_init_PRE_KERNEL_2[1-9][0-9]_*)))
                0x0000000000008598                __init_POST_KERNEL_start = .
 *(SORT_BY_NAME(SORT_BY_ALIGNMENT(.z_init_POST_KERNEL[0-9]_*)))
 .z_init_POST_KERNEL0_
                0x0000000000008598        0x8 zephyr/libzephyr.a(log_core.c.obj)
 *(SORT_BY_NAME(SORT_BY_ALIGNMENT(.z_init_POST_KERNEL[1-9][0-9]_*)))
 .z_init_POST_KERNEL40_
                0x00000000000085a0        0x8 modules/nrf/drivers/hw_cc310/lib..__nrf__drivers__hw_cc310.a(hw_cc310.c.obj)
 .z_init_POST_KERNEL50_
                0x00000000000085a8        0x8 zephyr/drivers/mbox/libdrivers__mbox.a(mbox_nrfx_ipc.c.obj)
 .z_init_POST_KERNEL80_
                0x00000000000085b0        0x8 zephyr/drivers/audio/libdrivers__audio.a(dmic_nrfx_pdm.c.obj)
 .z_init_POST_KERNEL90_
                0x00000000000085b8        0x8 zephyr/libzephyr.a(sync_rtc.c.obj)
                0x00000000000085c0                __init_APPLICATION_start = .
 *(SORT_BY_NAME(SORT_BY_ALIGNMENT(.z_init_APPLICATION[0-9]_*)))
 *(SORT_BY_NAME(SORT_BY_ALIGNMENT(.z_init_APPLICATION[1-9][0-9]_*)))
                0x00000000000085c0                __init_SMP_start = .
 *(SORT_BY_NAME(SORT_BY_ALIGNMENT(.z_init_SMP[0-9]_*)))
 *(SORT_BY_NAME(SORT_BY_ALIGNMENT(.z_init_SMP[1-9][0-9]_*)))
                0x00000000000085c0                __init_end = .

devices         0x00000000000085c0       0x90
                0x00000000000085c0                __device_start = .
                0x00000000000085c0                __device_PRE_KERNEL_1_start = .
 *(SORT_BY_NAME(SORT_BY_ALIGNMENT(.z_device_PRE_KERNEL_1[0-9]_*)))
 *(SORT_BY_NAME(SORT_BY_ALIGNMENT(.z_device_PRE_KERNEL_1[1-9][0-9]_*)))
 .z_device_PRE_KERNEL_130_
                0x00000000000085c0       0x18 zephyr/drivers/clock_control/libdrivers__clock_control.a(clock_control_nrf.c.obj)
                0x00000000000085c0                __device_dts_ord_78
 .z_device_PRE_KERNEL_140_
                0x00000000000085d8       0x30 zephyr/drivers/gpio/libdrivers__gpio.a(gpio_nrfx.c.obj)
                0x00000000000085d8                __device_dts_ord_9
                0x00000000000085f0                __device_dts_ord_30
 .z_device_PRE_KERNEL_155_
                0x0000000000008608       0x18 zephyr/drivers/serial/libdrivers__serial.a(uart_nrfx_uarte.c.obj)
                0x0000000000008608                __device_dts_ord_118
                0x0000000000008620                __device_PRE_KERNEL_2_start = .
 *(SORT_BY_NAME(SORT_BY_ALIGNMENT(.z_device_PRE_KERNEL_2[0-9]_*)))
 *(SORT_BY_NAME(SORT_BY_ALIGNMENT(.z_device_PRE_KERNEL_2[1-9][0-9]_*)))
                0x0000000000008620                __device_POST_KERNEL_start = .
 *(SORT_BY_NAME(SORT_BY_ALIGNMENT(.z_device_POST_KERNEL[0-9]_*)))
 *(SORT_BY_NAME(SORT_BY_ALIGNMENT(.z_device_POST_KERNEL[1-9][0-9]_*)))
 .z_device_POST_KERNEL50_
                0x0000000000008620       0x18 zephyr/drivers/mbox/libdrivers__mbox.a(mbox_nrfx_ipc.c.obj)
                0x0000000000008620                __device_dts_ord_22
 .z_device_POST_KERNEL80_
                0x0000000000008638       0x18 zephyr/drivers/audio/libdrivers__audio.a(dmic_nrfx_pdm.c.obj)
                0x0000000000008638                __device_dts_ord_98
                0x0000000000008650                __device_APPLICATION_start = .
 *(SORT_BY_NAME(SORT_BY_ALIGNMENT(.z_device_APPLICATION[0-9]_*)))
 *(SORT_BY_NAME(SORT_BY_ALIGNMENT(.z_device_APPLICATION[1-9][0-9]_*)))
                0x0000000000008650                __device_SMP_start = .
 *(SORT_BY_NAME(SORT_BY_ALIGNMENT(.z_device_SMP[0-9]_*)))
 *(SORT_BY_NAME(SORT_BY_ALIGNMENT(.z_device_SMP[1-9][0-9]_*)))
                0x0000000000008650                __device_end = .

sw_isr_table    0x0000000000008650      0x228
                0x0000000000008650                . = ALIGN (0x4)
 *(SORT_BY_ALIGNMENT(.gnu.linkonce.sw_isr_table*))
 .gnu.linkonce.sw_isr_table
                0x0000000000008650      0x228 zephyr/CMakeFiles/zephyr_final.dir/isr_tables.c.obj
                0x0000000000008650                _sw_isr_table

initlevel_error
                0x0000000000008548        0x0
 *(SORT_BY_NAME(SORT_BY_ALIGNMENT(.z_init_[_A-Z0-9]*)))
                0x0000000000000001                ASSERT ((SIZEOF (initlevel_error) == 0x0), Undefined initialization levels used.)

app_shmem_regions
                0x0000000000008878        0x0
                0x0000000000008878                __app_shmem_regions_start = .
 *(SORT_BY_NAME(SORT_BY_ALIGNMENT(.app_regions.*)))
                0x0000000000008878                __app_shmem_regions_end = .

k_p4wq_initparam_area
                0x0000000000008878        0x0
                0x0000000000008878                _k_p4wq_initparam_list_start = .
 *(SORT_BY_NAME(SORT_BY_ALIGNMENT(._k_p4wq_initparam.static.*)))
                0x0000000000008878                _k_p4wq_initparam_list_end = .

device_handles  0x0000000000008878       0x24
                0x0000000000008878                __device_handles_start = .
 *(SORT_BY_NAME(SORT_BY_ALIGNMENT(.__device_handles_pass2*)))
 .__device_handles_pass2
                0x0000000000008878       0x24 zephyr/CMakeFiles/zephyr_final.dir/dev_handles.c.obj
                0x0000000000008878                __devicehdl_DT_N_S_soc_S_peripheral_50000000_S_pdm_26000
                0x000000000000887e                __devicehdl_DT_N_S_soc_S_peripheral_50000000_S_mbox_2a000
                0x0000000000008884                __devicehdl_DT_N_S_soc_S_peripheral_50000000_S_uart_8000
                0x000000000000888a                __devicehdl_DT_N_S_soc_S_peripheral_50000000_S_gpio_842800
                0x0000000000008890                __devicehdl_DT_N_S_soc_S_peripheral_50000000_S_gpio_842500
                0x0000000000008896                __devicehdl_DT_N_S_soc_S_peripheral_50000000_S_clock_5000
                0x000000000000889c                __device_handles_end = .

ztest           0x000000000000889c        0x0
                0x000000000000889c                _ztest_suite_node_list_start = .
 *(SORT_BY_NAME(SORT_BY_ALIGNMENT(._ztest_suite_node.static.*)))
                0x000000000000889c                _ztest_suite_node_list_end = .
                0x000000000000889c                _ztest_unit_test_list_start = .
 *(SORT_BY_NAME(SORT_BY_ALIGNMENT(._ztest_unit_test.static.*)))
                0x000000000000889c                _ztest_unit_test_list_end = .
                0x000000000000889c                _ztest_test_rule_list_start = .
 *(SORT_BY_NAME(SORT_BY_ALIGNMENT(._ztest_test_rule.static.*)))
                0x000000000000889c                _ztest_test_rule_list_end = .

bt_l2cap_fixed_chan_area
                0x000000000000889c        0x0
                0x000000000000889c                _bt_l2cap_fixed_chan_list_start = .
 *(SORT_BY_NAME(SORT_BY_ALIGNMENT(._bt_l2cap_fixed_chan.static.*)))
                0x000000000000889c                _bt_l2cap_fixed_chan_list_end = .

bt_gatt_service_static_area
                0x000000000000889c        0x0
                0x000000000000889c                _bt_gatt_service_static_list_start = .
 *(SORT_BY_NAME(SORT_BY_ALIGNMENT(._bt_gatt_service_static.static.*)))
                0x000000000000889c                _bt_gatt_service_static_list_end = .

log_strings_sections
                0x000000000000889c        0x0
                0x000000000000889c                __log_strings_start = .
 *(SORT_BY_NAME(SORT_BY_ALIGNMENT(.log_strings*)))
                0x000000000000889c                __log_strings_end = .

log_const_sections
                0x000000000000889c       0x68
                0x000000000000889c                __log_const_start = .
 *(SORT_BY_NAME(SORT_BY_ALIGNMENT(.log_const_*)))
 .log_const_clock_control
                0x000000000000889c        0x8 zephyr/drivers/clock_control/libdrivers__clock_control.a(clock_control_nrf.c.obj)
                0x000000000000889c                log_const_clock_control
 .log_const_dmic_nrfx_pdm
                0x00000000000088a4        0x8 zephyr/drivers/audio/libdrivers__audio.a(dmic_nrfx_pdm.c.obj)
                0x00000000000088a4                log_const_dmic_nrfx_pdm
 .log_const_dmic_sample
                0x00000000000088ac        0x8 app/libapp.a(main.c.obj)
                0x00000000000088ac                log_const_dmic_sample
 .log_const_fatal_error
                0x00000000000088b4        0x8 modules/nrf/lib/fatal_error/lib..__nrf__lib__fatal_error.a(fatal_error.c.obj)
                0x00000000000088b4                log_const_fatal_error
 .log_const_log
                0x00000000000088bc        0x8 zephyr/libzephyr.a(log_core.c.obj)
                0x00000000000088bc                log_const_log
 .log_const_log_uart
                0x00000000000088c4        0x8 zephyr/libzephyr.a(log_backend_uart.c.obj)
                0x00000000000088c4                log_const_log_uart
 .log_const_mbox_nrfx_ipc
                0x00000000000088cc        0x8 zephyr/drivers/mbox/libdrivers__mbox.a(mbox_nrfx_ipc.c.obj)
                0x00000000000088cc                log_const_mbox_nrfx_ipc
 .log_const_mpu
                0x00000000000088d4        0x8 zephyr/arch/arch/arm/core/aarch32/mpu/libarch__arm__core__aarch32__mpu.a(arm_core_mpu.c.obj)
                0x00000000000088d4                log_const_mpu
 .log_const_os  0x00000000000088dc        0x8 zephyr/kernel/libkernel.a(init.c.obj)
                0x00000000000088dc                log_const_os
 .log_const_pm  0x00000000000088e4        0x8 zephyr/libzephyr.a(pm.c.obj)
                0x00000000000088e4                log_const_pm
 .log_const_soc
                0x00000000000088ec        0x8 zephyr/libzephyr.a(soc.c.obj)
                0x00000000000088ec                log_const_soc
 .log_const_sync_rtc
                0x00000000000088f4        0x8 zephyr/libzephyr.a(sync_rtc.c.obj)
                0x00000000000088f4                log_const_sync_rtc
 .log_const_uart_nrfx_uarte
                0x00000000000088fc        0x8 zephyr/drivers/serial/libdrivers__serial.a(uart_nrfx_uarte.c.obj)
                0x00000000000088fc                log_const_uart_nrfx_uarte
                0x0000000000008904                __log_const_end = .

log_backends_sections
                0x0000000000008904       0x10
                0x0000000000008904                __log_backends_start = .
 *(SORT_BY_ALIGNMENT(._log_backend.*))
 ._log_backend.static.log_backend_uart
                0x0000000000008904       0x10 zephyr/libzephyr.a(log_backend_uart.c.obj)
                0x0000000000008914                __log_backends_end = .

tracing_backend_area
                0x0000000000008914        0x0
                0x0000000000008914                _tracing_backend_list_start = .
 *(SORT_BY_NAME(SORT_BY_ALIGNMENT(._tracing_backend.static.*)))
                0x0000000000008914                _tracing_backend_list_end = .

zephyr_dbg_info
 *(SORT_BY_ALIGNMENT(.dbg_thread_info))

symbol_to_keep  0x0000000000008914        0x0
                0x0000000000008914                __symbol_to_keep_start = .
 *(SORT_BY_NAME(SORT_BY_ALIGNMENT(.symbol_to_keep*)))
                0x0000000000008914                __symbol_to_keep_end = .

shell_area      0x0000000000008914        0x0
                0x0000000000008914                _shell_list_start = .
 *(SORT_BY_NAME(SORT_BY_ALIGNMENT(._shell.static.*)))
                0x0000000000008914                _shell_list_end = .

shell_root_cmds_sections
                0x0000000000008914        0x0
                0x0000000000008914                __shell_root_cmds_start = .
 *(SORT_BY_NAME(SORT_BY_ALIGNMENT(.shell_root_cmd_*)))
                0x0000000000008914                __shell_root_cmds_end = .

shell_subcmds_sections
                0x0000000000008914        0x0
                0x0000000000008914                __shell_subcmds_start = .
 *(SORT_BY_NAME(SORT_BY_ALIGNMENT(.shell_subcmd_*)))
                0x0000000000008914                __shell_subcmds_end = .

shell_dynamic_subcmds_sections
                0x0000000000008914        0x0
                0x0000000000008914                __shell_dynamic_subcmds_start = .
 *(SORT_BY_NAME(SORT_BY_ALIGNMENT(.shell_dynamic_subcmd_*)))
                0x0000000000008914                __shell_dynamic_subcmds_end = .

font_entry_sections
                0x0000000000008914        0x0
                0x0000000000008914                __font_entry_start = .
 *(SORT_BY_NAME(SORT_BY_ALIGNMENT(._cfb_font.*)))
                0x0000000000008914                __font_entry_end = .

rodata          0x0000000000008920      0xe9c
 *(SORT_BY_ALIGNMENT(.rodata))
 *(SORT_BY_ALIGNMENT(.rodata.*))
 .rodata.delay_machine_code.0
                0x0000000000008920        0x6 zephyr/libzephyr.a(soc.c.obj)
 *fill*         0x0000000000008926        0x2 
 .rodata.format_table
                0x0000000000008928        0xc zephyr/libzephyr.a(log_core.c.obj)
 .rodata.mpsc_config
                0x0000000000008934       0x14 zephyr/libzephyr.a(log_core.c.obj)
 .rodata.colors
                0x0000000000008948       0x14 zephyr/libzephyr.a(log_output.c.obj)
 .rodata.severity
                0x000000000000895c       0x14 zephyr/libzephyr.a(log_output.c.obj)
 .rodata.log_backend_uart_api
                0x0000000000008970       0x1c zephyr/libzephyr.a(log_backend_uart.c.obj)
                0x0000000000008970                log_backend_uart_api
 .rodata.log_output_uart
                0x000000000000898c       0x10 zephyr/libzephyr.a(log_backend_uart.c.obj)
 .rodata.pmstates_DT_N_S_cpus_S_cpu_0
                0x000000000000899c        0x0 zephyr/libzephyr.a(state.c.obj)
 .rodata.apis   0x000000000000899c        0x8 zephyr/libzephyr.a(nrf_cc3xx_platform_abort_zephyr.c.obj)
 .rodata.mutex_apis
                0x00000000000089a4       0x10 zephyr/libzephyr.a(nrf_cc3xx_platform_mutex_zephyr.c.obj)
 .rodata.mutexes
                0x00000000000089b4       0x14 zephyr/libzephyr.a(nrf_cc3xx_platform_mutex_zephyr.c.obj)
 .rodata.static_regions
                0x00000000000089c8        0xc zephyr/arch/arch/arm/core/aarch32/mpu/libarch__arm__core__aarch32__mpu.a(arm_core_mpu.c.obj)
 .rodata.mpu_config
                0x00000000000089d4        0x8 zephyr/soc/arm/common/cortex_m/libsoc__arm__common__cortex_m.a(arm_mpu_regions.c.obj)
                0x00000000000089d4                mpu_config
 .rodata.mpu_regions
                0x00000000000089dc       0x20 zephyr/soc/arm/common/cortex_m/libsoc__arm__common__cortex_m.a(arm_mpu_regions.c.obj)
 .rodata.clock_control_api
                0x00000000000089fc       0x1c zephyr/drivers/clock_control/libdrivers__clock_control.a(clock_control_nrf.c.obj)
 .rodata.config
                0x0000000000008a18       0x30 zephyr/drivers/clock_control/libdrivers__clock_control.a(clock_control_nrf.c.obj)
 .rodata.transitions.0
                0x0000000000008a48        0xc zephyr/drivers/clock_control/libdrivers__clock_control.a(clock_control_nrf.c.obj)
 .rodata.gpio_nrfx_drv_api_funcs
                0x0000000000008a54       0x24 zephyr/drivers/gpio/libdrivers__gpio.a(gpio_nrfx.c.obj)
 .rodata.gpio_nrfx_p0_cfg
                0x0000000000008a78       0x10 zephyr/drivers/gpio/libdrivers__gpio.a(gpio_nrfx.c.obj)
 .rodata.gpio_nrfx_p1_cfg
                0x0000000000008a88       0x10 zephyr/drivers/gpio/libdrivers__gpio.a(gpio_nrfx.c.obj)
 .rodata.__pinctrl_dev_config__device_dts_ord_98
                0x0000000000008a98        0xc zephyr/drivers/audio/libdrivers__audio.a(dmic_nrfx_pdm.c.obj)
 .rodata.__pinctrl_state_pins_0__device_dts_ord_98
                0x0000000000008aa4        0x8 zephyr/drivers/audio/libdrivers__audio.a(dmic_nrfx_pdm.c.obj)
 .rodata.__pinctrl_states__device_dts_ord_98
                0x0000000000008aac        0x8 zephyr/drivers/audio/libdrivers__audio.a(dmic_nrfx_pdm.c.obj)
 .rodata.dmic_nrfx_pdm_cfg0
                0x0000000000008ab4       0x1c zephyr/drivers/audio/libdrivers__audio.a(dmic_nrfx_pdm.c.obj)
 .rodata.dmic_ops
                0x0000000000008ad0        0xc zephyr/drivers/audio/libdrivers__audio.a(dmic_nrfx_pdm.c.obj)
 .rodata.__pinctrl_dev_config__device_dts_ord_118
                0x0000000000008adc        0xc zephyr/drivers/serial/libdrivers__serial.a(uart_nrfx_uarte.c.obj)
 .rodata.__pinctrl_state_pins_0__device_dts_ord_118
                0x0000000000008ae8       0x10 zephyr/drivers/serial/libdrivers__serial.a(uart_nrfx_uarte.c.obj)
 .rodata.__pinctrl_states__device_dts_ord_118
                0x0000000000008af8        0x8 zephyr/drivers/serial/libdrivers__serial.a(uart_nrfx_uarte.c.obj)
 .rodata.uart_nrfx_uarte_driver_api
                0x0000000000008b00       0x14 zephyr/drivers/serial/libdrivers__serial.a(uart_nrfx_uarte.c.obj)
 .rodata.uarte_0z_config
                0x0000000000008b14       0x10 zephyr/drivers/serial/libdrivers__serial.a(uart_nrfx_uarte.c.obj)
 .rodata.mbox_nrf_driver_api
                0x0000000000008b24       0x14 zephyr/drivers/mbox/libdrivers__mbox.a(mbox_nrfx_ipc.c.obj)
 .rodata.levels.0
                0x0000000000008b38       0x14 zephyr/kernel/libkernel.a(device.c.obj)
 .rodata._k_neg_eagain
                0x0000000000008b4c        0x4 zephyr/kernel/libkernel.a(errno.c.obj)
                0x0000000000008b4c                _k_neg_eagain
 .rodata.CSWTCH.438
                0x0000000000008b50       0x14 zephyr/kernel/libkernel.a(fatal.c.obj)
 .rodata.CSWTCH.10
                0x0000000000008b64       0x20 /home/ark/ncs/v2.1.2/nrfxlib/crypto/nrf_cc312_platform/lib/cortex-m33/soft-float/no-interrupts/libnrf_cc312_platform_0.9.15.a(nrf_cc3xx_platform.c.obj)
 .rodata.mutex_free.str1.4
                0x0000000000008b84       0x26 /home/ark/ncs/v2.1.2/nrfxlib/crypto/nrf_cc312_platform/lib/cortex-m33/soft-float/no-interrupts/libnrf_cc312_platform_0.9.15.a(nrf_cc3xx_platform_mutex.c.obj)
 *fill*         0x0000000000008baa        0x2 
 .rodata.mutex_init.str1.4
                0x0000000000008bac       0x23 /home/ark/ncs/v2.1.2/nrfxlib/crypto/nrf_cc312_platform/lib/cortex-m33/soft-float/no-interrupts/libnrf_cc312_platform_0.9.15.a(nrf_cc3xx_platform_mutex.c.obj)
 *fill*         0x0000000000008bcf        0x1 
 .rodata.CC_PalPowerSaveModeInit.str1.4
                0x0000000000008bd0       0x20 /home/ark/ncs/v2.1.2/nrfxlib/crypto/nrf_cc312_platform/lib/cortex-m33/soft-float/no-interrupts/libnrf_cc312_platform_0.9.15.a(cc_pal_pm.c.obj)
 .rodata.main.str1.1
                0x0000000000008bf0      0x143 app/libapp.a(main.c.obj)
 .rodata.str1.1